Aug 16 01:40:35 raspberrypi kernel: [    0.000000] Booting Linux on physical CPU 0x0
Aug 16 01:40:35 raspberrypi kernel: [    0.000000] Linux version 4.9.41-v7+ (dc4@dc4-XPS13-9333) (gcc version 4.9.3 (crosstool-NG crosstool-ng-1.22.0-88-g8460611) ) #1023 SMP Tue Aug 8 16:00:15 BST 2017
Aug 16 01:40:35 raspberrypi kernel: [    0.000000] CPU: ARMv7 Processor [410fd034] revision 4 (ARMv7), cr=10c5383d
Aug 16 01:40:35 raspberrypi kernel: [    0.000000] CPU: div instructions available: patching division code
Aug 16 01:40:35 raspberrypi kernel: [    0.000000] CPU: PIPT / VIPT nonaliasing data cache, VIPT aliasing instruction cache
Aug 16 01:40:35 raspberrypi kernel: [    0.000000] OF: fdt:Machine model: Raspberry Pi 3 Model B Rev 1.2
Aug 16 01:40:35 raspberrypi kernel: [    0.000000] cma: Reserved 8 MiB at 0x3ac00000
Aug 16 01:40:35 raspberrypi kernel: [    0.000000] Memory policy: Data cache writealloc
Aug 16 01:40:35 raspberrypi kernel: [    0.000000] On node 0 totalpages: 242688
Aug 16 01:40:35 raspberrypi kernel: [    0.000000] free_area_init_node: node 0, pgdat 80c6eec0, node_mem_map ba3a1000
Aug 16 01:40:35 raspberrypi kernel: [    0.000000]   Normal zone: 2133 pages used for memmap
Aug 16 01:40:35 raspberrypi kernel: [    0.000000]   Normal zone: 0 pages reserved
Aug 16 01:40:35 raspberrypi kernel: [    0.000000]   Normal zone: 242688 pages, LIFO batch:31
Aug 16 01:40:35 raspberrypi kernel: [    0.000000] percpu: Embedded 14 pages/cpu @ba35b000 s25600 r8192 d23552 u57344
Aug 16 01:40:35 raspberrypi kernel: [    0.000000] pcpu-alloc: s25600 r8192 d23552 u57344 alloc=14*4096
Aug 16 01:40:35 raspberrypi kernel: [    0.000000] pcpu-alloc: [0] 0 [0] 1 [0] 2 [0] 3 
Aug 16 01:40:35 raspberrypi kernel: [    0.000000] Built 1 zonelists in Zone order, mobility grouping on.  Total pages: 240555
Aug 16 01:40:35 raspberrypi kernel: [    0.000000] Kernel command line: 8250.nr_uarts=0 bcm2708_fb.fbwidth=1280 bcm2708_fb.fbheight=1024 bcm2708_fb.fbswap=1 vc_mem.mem_base=0x3ec00000 vc_mem.mem_size=0x40000000  dwc_otg.lpm_enable=0 console=ttyS0,115200 console=tty1 root=PARTUUID=6ef05053-02 rootfstype=ext4 elevator=deadline fsck.repair=yes rootwait quiet splash plymouth.ignore-serial-consoles
Aug 16 01:40:35 raspberrypi kernel: [    0.000000] PID hash table entries: 4096 (order: 2, 16384 bytes)
Aug 16 01:40:35 raspberrypi kernel: [    0.000000] Dentry cache hash table entries: 131072 (order: 7, 524288 bytes)
Aug 16 01:40:35 raspberrypi kernel: [    0.000000] Inode-cache hash table entries: 65536 (order: 6, 262144 bytes)
Aug 16 01:40:35 raspberrypi kernel: [    0.000000] Memory: 940356K/970752K available (7168K kernel code, 484K rwdata, 2012K rodata, 1024K init, 778K bss, 22204K reserved, 8192K cma-reserved)
Aug 16 01:40:35 raspberrypi kernel: [    0.000000] Virtual kernel memory layout:
Aug 16 01:40:35 raspberrypi kernel: [    0.000000]     vector  : 0xffff0000 - 0xffff1000   (   4 kB)
Aug 16 01:40:35 raspberrypi kernel: [    0.000000]     fixmap  : 0xffc00000 - 0xfff00000   (3072 kB)
Aug 16 01:40:35 raspberrypi kernel: [    0.000000]     vmalloc : 0xbb800000 - 0xff800000   (1088 MB)
Aug 16 01:40:35 raspberrypi kernel: [    0.000000]     lowmem  : 0x80000000 - 0xbb400000   ( 948 MB)
Aug 16 01:40:35 raspberrypi kernel: [    0.000000]     modules : 0x7f000000 - 0x80000000   (  16 MB)
Aug 16 01:40:35 raspberrypi kernel: [    0.000000]       .text : 0x80008000 - 0x80800000   (8160 kB)
Aug 16 01:40:35 raspberrypi kernel: [    0.000000]       .init : 0x80b00000 - 0x80c00000   (1024 kB)
Aug 16 01:40:35 raspberrypi kernel: [    0.000000]       .data : 0x80c00000 - 0x80c79094   ( 485 kB)
Aug 16 01:40:35 raspberrypi kernel: [    0.000000]        .bss : 0x80c7b000 - 0x80d3da64   ( 779 kB)
Aug 16 01:40:35 raspberrypi kernel: [    0.000000] SLUB: HWalign=64, Order=0-3, MinObjects=0, CPUs=4, Nodes=1
Aug 16 01:40:35 raspberrypi kernel: [    0.000000] Hierarchical RCU implementation.
Aug 16 01:40:35 raspberrypi kernel: [    0.000000] 	Build-time adjustment of leaf fanout to 32.
Aug 16 01:40:35 raspberrypi kernel: [    0.000000] NR_IRQS:16 nr_irqs:16 16
Aug 16 01:40:35 raspberrypi kernel: [    0.000000] arm_arch_timer: Architected cp15 timer(s) running at 19.20MHz (phys).
Aug 16 01:40:35 raspberrypi kernel: [    0.000000] clocksource: arch_sys_counter: mask: 0xffffffffffffff max_cycles: 0x46d987e47, max_idle_ns: 440795202767 ns
Aug 16 01:40:35 raspberrypi kernel: [    0.000007] sched_clock: 56 bits at 19MHz, resolution 52ns, wraps every 4398046511078ns
Aug 16 01:40:35 raspberrypi kernel: [    0.000019] Switching to timer-based delay loop, resolution 52ns
Aug 16 01:40:35 raspberrypi kernel: [    0.000290] Console: colour dummy device 80x30
Aug 16 01:40:35 raspberrypi kernel: [    0.000307] console [tty1] enabled
Aug 16 01:40:35 raspberrypi kernel: [    0.000327] Calibrating delay loop (skipped), value calculated using timer frequency.. 38.40 BogoMIPS (lpj=192000)
Aug 16 01:40:35 raspberrypi kernel: [    0.000342] pid_max: default: 32768 minimum: 301
Aug 16 01:40:35 raspberrypi kernel: [    0.000649] Mount-cache hash table entries: 2048 (order: 1, 8192 bytes)
Aug 16 01:40:35 raspberrypi kernel: [    0.000658] Mountpoint-cache hash table entries: 2048 (order: 1, 8192 bytes)
Aug 16 01:40:35 raspberrypi kernel: [    0.001515] Disabling cpuset control group subsystem
Aug 16 01:40:35 raspberrypi kernel: [    0.001639] CPU: Testing write buffer coherency: ok
Aug 16 01:40:35 raspberrypi kernel: [    0.001673] ftrace: allocating 22396 entries in 66 pages
Aug 16 01:40:35 raspberrypi kernel: [    0.048101] CPU0: update cpu_capacity 1024
Aug 16 01:40:35 raspberrypi kernel: [    0.048116] CPU0: thread -1, cpu 0, socket 0, mpidr 80000000
Aug 16 01:40:35 raspberrypi kernel: [    0.048152] Setting up static identity map for 0x100000 - 0x100034
Aug 16 01:40:35 raspberrypi kernel: [    0.049995] CPU1: update cpu_capacity 1024
Aug 16 01:40:35 raspberrypi kernel: [    0.050002] CPU1: thread -1, cpu 1, socket 0, mpidr 80000001
Aug 16 01:40:35 raspberrypi kernel: [    0.050682] CPU2: update cpu_capacity 1024
Aug 16 01:40:35 raspberrypi kernel: [    0.050689] CPU2: thread -1, cpu 2, socket 0, mpidr 80000002
Aug 16 01:40:35 raspberrypi kernel: [    0.051352] CPU3: update cpu_capacity 1024
Aug 16 01:40:35 raspberrypi kernel: [    0.051358] CPU3: thread -1, cpu 3, socket 0, mpidr 80000003
Aug 16 01:40:35 raspberrypi kernel: [    0.051447] Brought up 4 CPUs
Aug 16 01:40:35 raspberrypi kernel: [    0.051457] SMP: Total of 4 processors activated (153.60 BogoMIPS).
Aug 16 01:40:35 raspberrypi kernel: [    0.051461] CPU: All CPU(s) started in HYP mode.
Aug 16 01:40:35 raspberrypi kernel: [    0.051465] CPU: Virtualization extensions available.
Aug 16 01:40:35 raspberrypi kernel: [    0.052258] devtmpfs: initialized
Aug 16 01:40:35 raspberrypi kernel: [    0.063522] VFP support v0.3: implementor 41 architecture 3 part 40 variant 3 rev 4
Aug 16 01:40:35 raspberrypi kernel: [    0.063796] clocksource: jiffies: mask: 0xffffffff max_cycles: 0xffffffff, max_idle_ns: 19112604462750000 ns
Aug 16 01:40:35 raspberrypi kernel: [    0.063813] futex hash table entries: 1024 (order: 4, 65536 bytes)
Aug 16 01:40:35 raspberrypi kernel: [    0.064344] pinctrl core: initialized pinctrl subsystem
Aug 16 01:40:35 raspberrypi kernel: [    0.065231] NET: Registered protocol family 16
Aug 16 01:40:35 raspberrypi kernel: [    0.067560] DMA: preallocated 1024 KiB pool for atomic coherent allocations
Aug 16 01:40:35 raspberrypi kernel: [    0.076504] hw-breakpoint: found 5 (+1 reserved) breakpoint and 4 watchpoint registers.
Aug 16 01:40:35 raspberrypi kernel: [    0.076510] hw-breakpoint: maximum watchpoint size is 8 bytes.
Aug 16 01:40:35 raspberrypi kernel: [    0.076654] Serial: AMBA PL011 UART driver
Aug 16 01:40:35 raspberrypi kernel: [    0.078526] bcm2835-mbox 3f00b880.mailbox: mailbox enabled
Aug 16 01:40:35 raspberrypi kernel: [    0.079044] uart-pl011 3f201000.serial: could not find pctldev for node /soc/gpio@7e200000/uart0_pins, deferring probe
Aug 16 01:40:35 raspberrypi kernel: [    0.148924] bcm2835-dma 3f007000.dma: DMA legacy API manager at bb80f000, dmachans=0x1
Aug 16 01:40:35 raspberrypi kernel: [    0.150730] SCSI subsystem initialized
Aug 16 01:40:35 raspberrypi kernel: [    0.150886] usbcore: registered new interface driver usbfs
Aug 16 01:40:35 raspberrypi kernel: [    0.150961] usbcore: registered new interface driver hub
Aug 16 01:40:35 raspberrypi kernel: [    0.151049] usbcore: registered new device driver usb
Aug 16 01:40:35 raspberrypi kernel: [    0.157907] raspberrypi-firmware soc:firmware: Attached to firmware from 2017-08-08 12:01
Aug 16 01:40:35 raspberrypi kernel: [    0.159392] clocksource: Switched to clocksource arch_sys_counter
Aug 16 01:40:35 raspberrypi kernel: [    0.206512] VFS: Disk quotas dquot_6.6.0
Aug 16 01:40:35 raspberrypi kernel: [    0.206588] VFS: Dquot-cache hash table entries: 1024 (order 0, 4096 bytes)
Aug 16 01:40:35 raspberrypi kernel: [    0.206779] FS-Cache: Loaded
Aug 16 01:40:35 raspberrypi kernel: [    0.207023] CacheFiles: Loaded
Aug 16 01:40:35 raspberrypi kernel: [    0.219139] NET: Registered protocol family 2
Aug 16 01:40:35 raspberrypi kernel: [    0.220041] TCP established hash table entries: 8192 (order: 3, 32768 bytes)
Aug 16 01:40:35 raspberrypi kernel: [    0.220149] TCP bind hash table entries: 8192 (order: 4, 65536 bytes)
Aug 16 01:40:35 raspberrypi kernel: [    0.220334] TCP: Hash tables configured (established 8192 bind 8192)
Aug 16 01:40:35 raspberrypi kernel: [    0.220421] UDP hash table entries: 512 (order: 2, 16384 bytes)
Aug 16 01:40:35 raspberrypi kernel: [    0.220462] UDP-Lite hash table entries: 512 (order: 2, 16384 bytes)
Aug 16 01:40:35 raspberrypi kernel: [    0.220666] NET: Registered protocol family 1
Aug 16 01:40:35 raspberrypi kernel: [    0.221074] RPC: Registered named UNIX socket transport module.
Aug 16 01:40:35 raspberrypi kernel: [    0.221079] RPC: Registered udp transport module.
Aug 16 01:40:35 raspberrypi kernel: [    0.221084] RPC: Registered tcp transport module.
Aug 16 01:40:35 raspberrypi kernel: [    0.221088] RPC: Registered tcp NFSv4.1 backchannel transport module.
Aug 16 01:40:35 raspberrypi kernel: [    0.222133] hw perfevents: enabled with armv7_cortex_a7 PMU driver, 7 counters available
Aug 16 01:40:35 raspberrypi kernel: [    0.224389] workingset: timestamp_bits=14 max_order=18 bucket_order=4
Aug 16 01:40:35 raspberrypi kernel: [    0.240414] FS-Cache: Netfs 'nfs' registered for caching
Aug 16 01:40:35 raspberrypi kernel: [    0.241379] NFS: Registering the id_resolver key type
Aug 16 01:40:35 raspberrypi kernel: [    0.241410] Key type id_resolver registered
Aug 16 01:40:35 raspberrypi kernel: [    0.241414] Key type id_legacy registered
Aug 16 01:40:35 raspberrypi kernel: [    0.243827] Block layer SCSI generic (bsg) driver version 0.4 loaded (major 251)
Aug 16 01:40:35 raspberrypi kernel: [    0.243942] io scheduler noop registered
Aug 16 01:40:35 raspberrypi kernel: [    0.243947] io scheduler deadline registered (default)
Aug 16 01:40:35 raspberrypi kernel: [    0.244249] io scheduler cfq registered
Aug 16 01:40:35 raspberrypi kernel: [    0.249843] BCM2708FB: allocated DMA memory fad10000
Aug 16 01:40:35 raspberrypi kernel: [    0.249866] BCM2708FB: allocated DMA channel 0 @ bb80f000
Aug 16 01:40:35 raspberrypi kernel: [    0.286643] Console: switching to colour frame buffer device 160x64
Aug 16 01:40:35 raspberrypi kernel: [    0.309561] bcm2835-rng 3f104000.rng: hwrng registered
Aug 16 01:40:35 raspberrypi kernel: [    0.309668] vc-cma: Videocore CMA driver
Aug 16 01:40:35 raspberrypi kernel: [    0.309674] vc-cma: vc_cma_base      = 0x00000000
Aug 16 01:40:35 raspberrypi kernel: [    0.309680] vc-cma: vc_cma_size      = 0x00000000 (0 MiB)
Aug 16 01:40:35 raspberrypi kernel: [    0.309685] vc-cma: vc_cma_initial   = 0x00000000 (0 MiB)
Aug 16 01:40:35 raspberrypi kernel: [    0.309886] vc-mem: phys_addr:0x00000000 mem_base=0x3ec00000 mem_size:0x40000000(1024 MiB)
Aug 16 01:40:35 raspberrypi kernel: [    0.325112] brd: module loaded
Aug 16 01:40:35 raspberrypi kernel: [    0.333973] loop: module loaded
Aug 16 01:40:35 raspberrypi kernel: [    0.333984] Loading iSCSI transport class v2.0-870.
Aug 16 01:40:35 raspberrypi kernel: [    0.334522] usbcore: registered new interface driver smsc95xx
Aug 16 01:40:35 raspberrypi kernel: [    0.334538] dwc_otg: version 3.00a 10-AUG-2012 (platform bus)
Aug 16 01:40:35 raspberrypi kernel: [    0.562595] Core Release: 2.80a
Aug 16 01:40:35 raspberrypi kernel: [    0.562605] Setting default values for core params
Aug 16 01:40:35 raspberrypi kernel: [    0.562635] Finished setting default values for core params
Aug 16 01:40:35 raspberrypi kernel: [    0.763023] Using Buffer DMA mode
Aug 16 01:40:35 raspberrypi kernel: [    0.763028] Periodic Transfer Interrupt Enhancement - disabled
Aug 16 01:40:35 raspberrypi kernel: [    0.763032] Multiprocessor Interrupt Enhancement - disabled
Aug 16 01:40:35 raspberrypi kernel: [    0.763039] OTG VER PARAM: 0, OTG VER FLAG: 0
Aug 16 01:40:35 raspberrypi kernel: [    0.763053] Dedicated Tx FIFOs mode
Aug 16 01:40:35 raspberrypi kernel: [    0.763396] WARN::dwc_otg_hcd_init:1032: FIQ DMA bounce buffers: virt = 0xbad04000 dma = 0xfad04000 len=9024
Aug 16 01:40:35 raspberrypi kernel: [    0.763421] FIQ FSM acceleration enabled for :
Aug 16 01:40:35 raspberrypi kernel: [    0.763421] Non-periodic Split Transactions
Aug 16 01:40:35 raspberrypi kernel: [    0.763421] Periodic Split Transactions
Aug 16 01:40:35 raspberrypi kernel: [    0.763421] High-Speed Isochronous Endpoints
Aug 16 01:40:35 raspberrypi kernel: [    0.763421] Interrupt/Control Split Transaction hack enabled
Aug 16 01:40:35 raspberrypi kernel: [    0.763428] dwc_otg: Microframe scheduler enabled
Aug 16 01:40:35 raspberrypi kernel: [    0.763474] WARN::hcd_init_fiq:459: FIQ on core 1 at 0x8058f7fc
Aug 16 01:40:35 raspberrypi kernel: [    0.763484] WARN::hcd_init_fiq:460: FIQ ASM at 0x8058fb6c length 36
Aug 16 01:40:35 raspberrypi kernel: [    0.763496] WARN::hcd_init_fiq:486: MPHI regs_base at 0xbb87a000
Aug 16 01:40:35 raspberrypi kernel: [    0.763554] dwc_otg 3f980000.usb: DWC OTG Controller
Aug 16 01:40:35 raspberrypi kernel: [    0.763589] dwc_otg 3f980000.usb: new USB bus registered, assigned bus number 1
Aug 16 01:40:35 raspberrypi kernel: [    0.763622] dwc_otg 3f980000.usb: irq 62, io mem 0x00000000
Aug 16 01:40:35 raspberrypi kernel: [    0.763669] Init: Port Power? op_state=1
Aug 16 01:40:35 raspberrypi kernel: [    0.763674] Init: Power Port (0)
Aug 16 01:40:35 raspberrypi kernel: [    0.763875] usb usb1: New USB device found, idVendor=1d6b, idProduct=0002
Aug 16 01:40:35 raspberrypi kernel: [    0.763885] usb usb1: New USB device strings: Mfr=3, Product=2, SerialNumber=1
Aug 16 01:40:35 raspberrypi kernel: [    0.763893] usb usb1: Product: DWC OTG Controller
Aug 16 01:40:35 raspberrypi kernel: [    0.763901] usb usb1: Manufacturer: Linux 4.9.41-v7+ dwc_otg_hcd
Aug 16 01:40:35 raspberrypi kernel: [    0.763908] usb usb1: SerialNumber: 3f980000.usb
Aug 16 01:40:35 raspberrypi kernel: [    0.764748] hub 1-0:1.0: USB hub found
Aug 16 01:40:35 raspberrypi kernel: [    0.764786] hub 1-0:1.0: 1 port detected
Aug 16 01:40:35 raspberrypi kernel: [    0.765467] dwc_otg: FIQ enabled
Aug 16 01:40:35 raspberrypi kernel: [    0.765471] dwc_otg: NAK holdoff enabled
Aug 16 01:40:35 raspberrypi kernel: [    0.765475] dwc_otg: FIQ split-transaction FSM enabled
Aug 16 01:40:35 raspberrypi kernel: [    0.765489] Module dwc_common_port init
Aug 16 01:40:35 raspberrypi kernel: [    0.765721] usbcore: registered new interface driver usb-storage
Aug 16 01:40:35 raspberrypi kernel: [    0.765943] mousedev: PS/2 mouse device common for all mice
Aug 16 01:40:35 raspberrypi kernel: [    0.766937] bcm2835-wdt 3f100000.watchdog: Broadcom BCM2835 watchdog timer
Aug 16 01:40:35 raspberrypi kernel: [    0.767213] bcm2835-cpufreq: min=600000 max=1200000
Aug 16 01:40:35 raspberrypi kernel: [    0.767599] sdhci: Secure Digital Host Controller Interface driver
Aug 16 01:40:35 raspberrypi kernel: [    0.767603] sdhci: Copyright(c) Pierre Ossman
Aug 16 01:40:35 raspberrypi kernel: [    0.767875] sdhost-bcm2835 3f202000.sdhost: could not get clk, deferring probe
Aug 16 01:40:35 raspberrypi kernel: [    0.770075] mmc-bcm2835 3f300000.mmc: could not get clk, deferring probe
Aug 16 01:40:35 raspberrypi kernel: [    0.770174] sdhci-pltfm: SDHCI platform and OF driver helper
Aug 16 01:40:35 raspberrypi kernel: [    0.772791] ledtrig-cpu: registered to indicate activity on CPUs
Aug 16 01:40:35 raspberrypi kernel: [    0.772981] hidraw: raw HID events driver (C) Jiri Kosina
Aug 16 01:40:35 raspberrypi kernel: [    0.773173] usbcore: registered new interface driver usbhid
Aug 16 01:40:35 raspberrypi kernel: [    0.773177] usbhid: USB HID core driver
Aug 16 01:40:35 raspberrypi kernel: [    0.773969] vchiq: vchiq_init_state: slot_zero = 0xbad80000, is_master = 0
Aug 16 01:40:35 raspberrypi kernel: [    0.776029] Initializing XFRM netlink socket
Aug 16 01:40:35 raspberrypi kernel: [    0.776052] NET: Registered protocol family 17
Aug 16 01:40:35 raspberrypi kernel: [    0.776171] Key type dns_resolver registered
Aug 16 01:40:35 raspberrypi kernel: [    0.776678] Registering SWP/SWPB emulation handler
Aug 16 01:40:35 raspberrypi kernel: [    0.777359] registered taskstats version 1
Aug 16 01:40:35 raspberrypi kernel: [    0.777713] vc-sm: Videocore shared memory driver
Aug 16 01:40:35 raspberrypi kernel: [    0.777722] [vc_sm_connected_init]: start
Aug 16 01:40:35 raspberrypi kernel: [    0.784863] [vc_sm_connected_init]: end - returning 0
Aug 16 01:40:35 raspberrypi kernel: [    0.790859] 3f201000.serial: ttyAMA0 at MMIO 0x3f201000 (irq = 87, base_baud = 0) is a PL011 rev2
Aug 16 01:40:35 raspberrypi kernel: [    0.792423] sdhost: log_buf @ bad07000 (fad07000)
Aug 16 01:40:35 raspberrypi kernel: [    0.869423] mmc0: sdhost-bcm2835 loaded - DMA enabled (>1)
Aug 16 01:40:35 raspberrypi kernel: [    0.871634] mmc-bcm2835 3f300000.mmc: mmc_debug:0 mmc_debug2:0
Aug 16 01:40:35 raspberrypi kernel: [    0.871641] mmc-bcm2835 3f300000.mmc: DMA channel allocated
Aug 16 01:40:35 raspberrypi kernel: [    0.929542] of_cfs_init
Aug 16 01:40:35 raspberrypi kernel: [    0.929743] of_cfs_init: OK
Aug 16 01:40:35 raspberrypi kernel: [    0.930244] Waiting for root device PARTUUID=6ef05053-02...
Aug 16 01:40:35 raspberrypi kernel: [    0.947530] mmc1: queuing unknown CIS tuple 0x80 (2 bytes)
Aug 16 01:40:35 raspberrypi kernel: [    0.949100] mmc1: queuing unknown CIS tuple 0x80 (3 bytes)
Aug 16 01:40:35 raspberrypi kernel: [    0.950658] mmc1: queuing unknown CIS tuple 0x80 (3 bytes)
Aug 16 01:40:35 raspberrypi kernel: [    0.953438] mmc1: queuing unknown CIS tuple 0x80 (7 bytes)
Aug 16 01:40:35 raspberrypi kernel: [    0.979496] Indeed it is in host mode hprt0 = 00021501
Aug 16 01:40:35 raspberrypi kernel: [    1.046749] random: fast init done
Aug 16 01:40:35 raspberrypi kernel: [    1.051014] mmc0: host does not support reading read-only switch, assuming write-enable
Aug 16 01:40:35 raspberrypi kernel: [    1.054040] mmc0: new high speed SDHC card at address aaaa
Aug 16 01:40:35 raspberrypi kernel: [    1.054688] mmcblk0: mmc0:aaaa SB16G 14.8 GiB
Aug 16 01:40:35 raspberrypi kernel: [    1.057323]  mmcblk0: p1 p2
Aug 16 01:40:35 raspberrypi kernel: [    1.107773] mmc1: new high speed SDIO card at address 0001
Aug 16 01:40:35 raspberrypi kernel: [    1.179436] usb 1-1: new high-speed USB device number 2 using dwc_otg
Aug 16 01:40:35 raspberrypi kernel: [    1.179567] Indeed it is in host mode hprt0 = 00001101
Aug 16 01:40:35 raspberrypi kernel: [    1.182885] EXT4-fs (mmcblk0p2): mounted filesystem with ordered data mode. Opts: (null)
Aug 16 01:40:35 raspberrypi kernel: [    1.182931] VFS: Mounted root (ext4 filesystem) readonly on device 179:2.
Aug 16 01:40:35 raspberrypi kernel: [    1.183710] devtmpfs: mounted
Aug 16 01:40:35 raspberrypi kernel: [    1.241358] Freeing unused kernel memory: 1024K (80b00000 - 80c00000)
Aug 16 01:40:35 raspberrypi kernel: [    1.409719] usb 1-1: New USB device found, idVendor=0424, idProduct=9514
Aug 16 01:40:35 raspberrypi kernel: [    1.409732] usb 1-1: New USB device strings: Mfr=0, Product=0, SerialNumber=0
Aug 16 01:40:35 raspberrypi kernel: [    1.410537] hub 1-1:1.0: USB hub found
Aug 16 01:40:35 raspberrypi kernel: [    1.410626] hub 1-1:1.0: 5 ports detected
Aug 16 01:40:35 raspberrypi kernel: [    1.729461] usb 1-1.1: new high-speed USB device number 3 using dwc_otg
Aug 16 01:40:35 raspberrypi kernel: [    1.752338] NET: Registered protocol family 10
Aug 16 01:40:35 raspberrypi kernel: [    1.766048] ip_tables: (C) 2000-2006 Netfilter Core Team
Aug 16 01:40:35 raspberrypi kernel: [    1.860072] usb 1-1.1: New USB device found, idVendor=0424, idProduct=ec00
Aug 16 01:40:35 raspberrypi kernel: [    1.860086] usb 1-1.1: New USB device strings: Mfr=0, Product=0, SerialNumber=0
Aug 16 01:40:35 raspberrypi kernel: [    1.863338] smsc95xx v1.0.5
Aug 16 01:40:35 raspberrypi kernel: [    1.953316] smsc95xx 1-1.1:1.0 eth0: register 'smsc95xx' at usb-3f980000.usb-1.1, smsc95xx USB 2.0 Ethernet, b8:27:eb:34:b4:29
Aug 16 01:40:35 raspberrypi kernel: [    2.332480] i2c /dev entries driver
Aug 16 01:40:35 raspberrypi kernel: [    2.712896] EXT4-fs (mmcblk0p2): re-mounted. Opts: (null)
Aug 16 01:40:35 raspberrypi kernel: [    3.259904] gpiomem-bcm2835 3f200000.gpiomem: Initialised: Registers at 0x3f200000
Aug 16 01:40:35 raspberrypi kernel: [    3.547346] usbcore: registered new interface driver brcmfmac
Aug 16 01:40:35 raspberrypi kernel: [    3.615656] smsc95xx 1-1.1:1.0 enxb827eb34b429: renamed from eth0
Aug 16 01:40:35 raspberrypi kernel: [    3.665257] brcmfmac: Firmware version = wl0: Aug  7 2017 00:46:29 version 7.45.41.46 (r666254 CY) FWID 01-f8a78378
Aug 16 01:40:35 raspberrypi kernel: [    4.809650] uart-pl011 3f201000.serial: no DMA platform data
Aug 16 01:40:35 raspberrypi systemd-modules-load[110]: Inserted module 'i2c_dev'
Aug 16 01:40:35 raspberrypi fake-hwclock[114]: Wed 16 Aug 01:40:33 UTC 2017
Aug 16 01:40:35 raspberrypi systemd[1]: Time has been changed
Aug 16 01:40:35 raspberrypi systemd[1]: Started Restore / save the current clock.
Aug 16 01:40:35 raspberrypi systemd-fsck[108]: e2fsck 1.43.4 (31-Jan-2017)
Aug 16 01:40:35 raspberrypi systemd-fsck[108]: Superblock last write time is in the future.
Aug 16 01:40:35 raspberrypi systemd-fsck[108]: #011(by less than a day, probably due to the hardware clock being incorrectly set)
Aug 16 01:40:35 raspberrypi systemd-fsck[108]: /dev/mmcblk0p2: clean, 135163/297184 files, 1071914/1186387 blocks
Aug 16 01:40:35 raspberrypi systemd[1]: Started File System Check on Root Device.
Aug 16 01:40:35 raspberrypi systemd[1]: Started Create Static Device Nodes in /dev.
Aug 16 01:40:35 raspberrypi systemd[1]: Starting udev Kernel Device Manager...
Aug 16 01:40:35 raspberrypi systemd[1]: Starting Remount Root and Kernel File Systems...
Aug 16 01:40:35 raspberrypi systemd[1]: Started Remount Root and Kernel File Systems.
Aug 16 01:40:35 raspberrypi systemd[1]: Starting Flush Journal to Persistent Storage...
Aug 16 01:40:35 raspberrypi systemd[1]: Starting Load/Save Random Seed...
Aug 16 01:40:35 raspberrypi systemd[1]: Starting udev Coldplug all Devices...
Aug 16 01:40:35 raspberrypi systemd[1]: Started Load/Save Random Seed.
Aug 16 01:40:35 raspberrypi systemd[1]: Started Flush Journal to Persistent Storage.
Aug 16 01:40:35 raspberrypi systemd[1]: Started udev Kernel Device Manager.
Aug 16 01:40:35 raspberrypi systemd[1]: Started Set the console keyboard layout.
Aug 16 01:40:35 raspberrypi systemd[1]: Reached target Local File Systems (Pre).
Aug 16 01:40:35 raspberrypi systemd[1]: Started udev Coldplug all Devices.
Aug 16 01:40:35 raspberrypi systemd[1]: Starting Show Plymouth Boot Screen...
Aug 16 01:40:35 raspberrypi systemd[1]: Started Show Plymouth Boot Screen.
Aug 16 01:40:35 raspberrypi systemd[1]: Started Forward Password Requests to Plymouth Directory Watch.
Aug 16 01:40:35 raspberrypi systemd[1]: Reached target Encrypted Volumes.
Aug 16 01:40:35 raspberrypi systemd[1]: Reached target Paths.
Aug 16 01:40:35 raspberrypi systemd[1]: Found device /dev/serial1.
Aug 16 01:40:35 raspberrypi mtp-probe: checking bus 1, device 3: "/sys/devices/platform/soc/3f980000.usb/usb1/1-1/1-1.1"
Aug 16 01:40:35 raspberrypi systemd[1]: Found device /dev/disk/by-partuuid/6ef05053-01.
Aug 16 01:40:35 raspberrypi systemd[1]: Starting File System Check on /dev/disk/by-partuuid/6ef05053-01...
Aug 16 01:40:35 raspberrypi mtp-probe: bus: 1, device: 3 was not an MTP device
Aug 16 01:40:35 raspberrypi systemd[1]: Reached target Sound Card.
Aug 16 01:40:35 raspberrypi systemd[1]: Listening on Load/Save RF Kill Switch Status /dev/rfkill Watch.
Aug 16 01:40:35 raspberrypi systemd[1]: Starting Load/Save RF Kill Switch Status...
Aug 16 01:40:35 raspberrypi systemd[1]: Started Load/Save RF Kill Switch Status.
Aug 16 01:40:35 raspberrypi systemd-fsck[244]: fsck.fat 4.1 (2017-01-24)
Aug 16 01:40:35 raspberrypi systemd-fsck[244]: /dev/mmcblk0p1: 147 files, 42947/84273 clusters
Aug 16 01:40:35 raspberrypi systemd[1]: Started File System Check on /dev/disk/by-partuuid/6ef05053-01.
Aug 16 01:40:35 raspberrypi systemd[1]: Mounting /boot...
Aug 16 01:40:35 raspberrypi systemd-udevd[185]: Process '/usr/sbin/alsactl -E HOME=/run/alsa restore 0' failed with exit code 99.
Aug 16 01:40:35 raspberrypi systemd[1]: Mounted /boot.
Aug 16 01:40:35 raspberrypi systemd[1]: Reached target Local File Systems.
Aug 16 01:40:35 raspberrypi systemd[1]: Starting Set console font and keymap...
Aug 16 01:40:35 raspberrypi systemd[1]: Starting Preprocess NFS configuration...
Aug 16 01:40:35 raspberrypi systemd[1]: Starting Tell Plymouth To Write Out Runtime Data...
Aug 16 01:40:35 raspberrypi systemd[1]: Starting Commit a transient machine-id on disk...
Aug 16 01:40:35 raspberrypi systemd[1]: Starting Raise network interfaces...
Aug 16 01:40:35 raspberrypi systemd[1]: Starting Create Volatile Files and Directories...
Aug 16 01:40:35 raspberrypi systemd[1]: Started Tell Plymouth To Write Out Runtime Data.
Aug 16 01:40:35 raspberrypi systemd[1]: Started Set console font and keymap.
Aug 16 01:40:35 raspberrypi systemd[1]: Started Preprocess NFS configuration.
Aug 16 01:40:35 raspberrypi systemd[1]: Reached target NFS client services.
Aug 16 01:40:35 raspberrypi systemd[1]: Reached target Remote File Systems (Pre).
Aug 16 01:40:35 raspberrypi systemd[1]: Reached target Remote File Systems.
Aug 16 01:40:35 raspberrypi systemd[1]: Started Create Volatile Files and Directories.
Aug 16 01:40:35 raspberrypi systemd[1]: Starting Network Time Synchronization...
Aug 16 01:40:35 raspberrypi systemd[1]: Starting Update UTMP about System Boot/Shutdown...
Aug 16 01:40:35 raspberrypi systemd[1]: Started Update UTMP about System Boot/Shutdown.
Aug 16 01:40:35 raspberrypi systemd[1]: Started Commit a transient machine-id on disk.
Aug 16 01:40:35 raspberrypi systemd[1]: Started Network Time Synchronization.
Aug 16 01:40:35 raspberrypi systemd[1]: Reached target System Initialization.
Aug 16 01:40:35 raspberrypi systemd[1]: Listening on D-Bus System Message Bus Socket.
Aug 16 01:40:35 raspberrypi systemd[1]: Started Daily Cleanup of Temporary Directories.
Aug 16 01:40:35 raspberrypi systemd[1]: Listening on Avahi mDNS/DNS-SD Stack Activation Socket.
Aug 16 01:40:35 raspberrypi systemd[1]: Listening on triggerhappy.socket.
Aug 16 01:40:35 raspberrypi systemd[1]: Reached target Sockets.
Aug 16 01:40:35 raspberrypi systemd[1]: Reached target Basic System.
Aug 16 01:40:35 raspberrypi systemd[1]: Starting LSB: Autogenerate and use a swap file...
Aug 16 01:40:35 raspberrypi systemd[1]: Starting LSB: Switch to ondemand cpu governor (unless shift key is pressed)...
Aug 16 01:40:35 raspberrypi systemd[1]: Started D-Bus System Message Bus.
Aug 16 01:40:35 raspberrypi systemd[1]: Starting Avahi mDNS/DNS-SD Stack...
Aug 16 01:40:35 raspberrypi systemd[1]: Starting Regenerate SSH host keys...
Aug 16 01:40:35 raspberrypi systemd[1]: Started Regular background program processing daemon.
Aug 16 01:40:35 raspberrypi systemd[1]: Starting Check for v3d driver...
Aug 16 01:40:35 raspberrypi systemd[1]: Starting Configure Bluetooth Modems connected by UART...
Aug 16 01:40:35 raspberrypi systemd[1]: Starting System Logging Service...
Aug 16 01:40:35 raspberrypi cron[337]: (CRON) INFO (pidfile fd = 3)
Aug 16 01:40:35 raspberrypi systemd[1]: Starting triggerhappy global hotkey daemon...
Aug 16 01:40:35 raspberrypi systemd[1]: Starting LSB: Resize the root filesystem to fill partition...
Aug 16 01:40:35 raspberrypi systemd[1]: Starting Save/Restore Sound Card State...
Aug 16 01:40:35 raspberrypi cron[337]: (CRON) INFO (Running @reboot jobs)
Aug 16 01:40:35 raspberrypi dd[336]: 1+0 records in
Aug 16 01:40:35 raspberrypi dd[336]: 1+0 records out
Aug 16 01:40:35 raspberrypi dd[336]: 4096 bytes (4.1 kB, 4.0 KiB) copied, 0.0509472 s, 80.4 kB/s
Aug 16 01:40:35 raspberrypi alsactl[344]: /usr/sbin/alsactl: load_state:1683: Cannot open /var/lib/alsa/asound.state for reading: No such file or directory
Aug 16 01:40:35 raspberrypi alsactl[344]: Found hardware: "bcm2835" "Broadcom Mixer" "" "" ""
Aug 16 01:40:35 raspberrypi alsactl[344]: Hardware is initialized using a generic method
Aug 16 01:40:35 raspberrypi systemd[1]: Starting Login Service...
Aug 16 01:40:35 raspberrypi systemd[1]: Starting dhcpcd on all interfaces...
Aug 16 01:40:35 raspberrypi systemd[1]: Reached target System Time Synchronized.
Aug 16 01:40:35 raspberrypi thd[341]: Found socket passed from systemd
Aug 16 01:40:35 raspberrypi systemd[1]: Started Save/Restore Sound Card State.
Aug 16 01:40:35 raspberrypi avahi-daemon[335]: Found user 'avahi' (UID 108) and group 'avahi' (GID 112).
Aug 16 01:40:35 raspberrypi avahi-daemon[335]: Successfully dropped root privileges.
Aug 16 01:40:35 raspberrypi avahi-daemon[335]: avahi-daemon 0.6.32 starting up.
Aug 16 01:40:35 raspberrypi avahi-daemon[335]: Successfully called chroot().
Aug 16 01:40:35 raspberrypi avahi-daemon[335]: Successfully dropped remaining capabilities.
Aug 16 01:40:35 raspberrypi avahi-daemon[335]: No service file found in /etc/avahi/services.
Aug 16 01:40:35 raspberrypi avahi-daemon[335]: Network interface enumeration completed.
Aug 16 01:40:35 raspberrypi avahi-daemon[335]: Server startup complete. Host name is raspberrypi.local. Local service cookie is 3896427492.
Aug 16 01:40:35 raspberrypi liblogging-stdlog:  [origin software="rsyslogd" swVersion="8.24.0" x-pid="340" x-info="http://www.rsyslog.com"] start
Aug 16 01:40:35 raspberrypi systemd[1]: Started triggerhappy global hotkey daemon.
Aug 16 01:40:35 raspberrypi systemd[1]: Started System Logging Service.
Aug 16 01:40:35 raspberrypi systemd[1]: Started Check for v3d driver.
Aug 16 01:40:35 raspberrypi dhcpcd[352]: forked to background, child pid 369
Aug 16 01:40:35 raspberrypi systemd[1]: Started dhcpcd on all interfaces.
Aug 16 01:40:35 raspberrypi systemd[1]: Started Avahi mDNS/DNS-SD Stack.
Aug 16 01:40:35 raspberrypi systemd[1]: Started Login Service.
Aug 16 01:40:35 raspberrypi dhcpcd-run-hooks[388]: wlan0: starting wpa_supplicant
Aug 16 01:40:35 raspberrypi systemd[1]: Received SIGRTMIN+20 from PID 206 (plymouthd).
Aug 16 01:40:35 raspberrypi kernel: [    5.315375] IPv6: ADDRCONF(NETDEV_UP): wlan0: link is not ready
Aug 16 01:40:35 raspberrypi kernel: [    5.315429] brcmfmac: power management disabled
Aug 16 01:40:36 raspberrypi dhcpcd[369]: enxb827eb34b429: waiting for carrier
Aug 16 01:40:36 raspberrypi dhcpcd[369]: wlan0: waiting for carrier
Aug 16 01:40:36 raspberrypi dhcpcd[369]: wlan0: carrier acquired
Aug 16 01:40:36 raspberrypi kernel: [    5.661734] smsc95xx 1-1.1:1.0 enxb827eb34b429: hardware isn't capable of remote wakeup
Aug 16 01:40:36 raspberrypi kernel: [    5.662258] IPv6: ADDRCONF(NETDEV_UP): enxb827eb34b429: link is not ready
Aug 16 01:40:36 raspberrypi dhcpcd[369]: wlan0: adding address fe80::757e:7d1c:d0dc:5486
Aug 16 01:40:36 raspberrypi dhcpcd[369]: DUID 00:01:00:01:21:26:5f:14:b8:27:eb:61:e1:7c
Aug 16 01:40:36 raspberrypi dhcpcd[369]: wlan0: IAID eb:61:e1:7c
Aug 16 01:40:36 raspberrypi dhcpcd[369]: wlan0: carrier lost
Aug 16 01:40:36 raspberrypi dhcpcd[369]: wlan0: deleting address fe80::757e:7d1c:d0dc:5486
Aug 16 01:40:36 raspberrypi dphys-swapfile[326]: Starting dphys-swapfile swapfile setup ...
Aug 16 01:40:36 raspberrypi raspi-config[327]: Checking if shift key is held down:Error opening '/dev/input/event*': No such file or directory
Aug 16 01:40:36 raspberrypi raspi-config[327]:  No. Switching to ondemand scaling governor.
Aug 16 01:40:36 raspberrypi systemd[1]: Started LSB: Switch to ondemand cpu governor (unless shift key is pressed).
Aug 16 01:40:36 raspberrypi resize2fs_once[342]: Starting resize2fs_once:resize2fs 1.43.4 (31-Jan-2017)
Aug 16 01:40:36 raspberrypi kernel: [    6.092462] EXT4-fs (mmcblk0p2): resizing filesystem from 1186387 to 3877760 blocks
Aug 16 01:40:36 raspberrypi systemd[1]: Started Raise network interfaces.
Aug 16 01:40:36 raspberrypi systemd[1]: Reached target Network.
Aug 16 01:40:36 raspberrypi systemd[1]: Starting Permit User Sessions...
Aug 16 01:40:36 raspberrypi systemd[1]: Reached target Network is Online.
Aug 16 01:40:36 raspberrypi systemd[1]: apt-daily.timer: Adding 10h 13min 14.780255s random time.
Aug 16 01:40:36 raspberrypi systemd[1]: Started Daily apt download activities.
Aug 16 01:40:36 raspberrypi systemd[1]: apt-daily-upgrade.timer: Adding 25min 41.301801s random time.
Aug 16 01:40:36 raspberrypi systemd[1]: Started Daily apt upgrade and clean activities.
Aug 16 01:40:36 raspberrypi systemd[1]: Reached target Timers.
Aug 16 01:40:36 raspberrypi systemd[1]: Starting /etc/rc.local Compatibility...
Aug 16 01:40:36 raspberrypi systemd[1]: Started Permit User Sessions.
Aug 16 01:40:36 raspberrypi systemd[1]: Starting Light Display Manager...
Aug 16 01:40:36 raspberrypi systemd[1]: Started /etc/rc.local Compatibility.
Aug 16 01:40:36 raspberrypi systemd[1]: Starting Hold until boot process finishes up...
Aug 16 01:40:36 raspberrypi systemd[1]: Starting Terminate Plymouth Boot Screen...
Aug 16 01:40:36 raspberrypi systemd[1]: Received SIGRTMIN+21 from PID 206 (plymouthd).
Aug 16 01:40:37 raspberrypi systemd[1]: Started Terminate Plymouth Boot Screen.
Aug 16 01:40:37 raspberrypi systemd[1]: Started Hold until boot process finishes up.
Aug 16 01:40:37 raspberrypi systemd[1]: Started Getty on tty1.
Aug 16 01:40:37 raspberrypi systemd[1]: Reached target Login Prompts.
Aug 16 01:40:37 raspberrypi dphys-swapfile[326]: want /var/swap=100MByte, generating swapfile ... of 100MBytes
Aug 16 01:40:37 raspberrypi kernel: [    6.661879] Adding 102396k swap on /var/swap.  Priority:-1 extents:1 across:102396k SSFS
Aug 16 01:40:37 raspberrypi dphys-swapfile[326]: done.
Aug 16 01:40:37 raspberrypi systemd[1]: Started LSB: Autogenerate and use a swap file.
Aug 16 01:40:37 raspberrypi kernel: [    6.818543] EXT4-fs (mmcblk0p2): resized filesystem to 3877760
Aug 16 01:40:37 raspberrypi resize2fs_once[342]: Filesystem at /dev/mmcblk0p2 is mounted on /; on-line resizing required
Aug 16 01:40:37 raspberrypi resize2fs_once[342]: old_desc_blocks = 1, new_desc_blocks = 1
Aug 16 01:40:37 raspberrypi resize2fs_once[342]: The filesystem on /dev/mmcblk0p2 is now 3877760 (4k) blocks long.
Aug 16 01:40:38 raspberrypi lightdm[455]: Error getting user list from org.freedesktop.Accounts: GDBus.Error:org.freedesktop.DBus.Error.ServiceUnknown: The name org.freedesktop.Accounts was not provided by any .service files
Aug 16 01:40:38 raspberrypi lightdm[455]: Could not enumerate user data directory /var/lib/lightdm/data: Error opening directory '/var/lib/lightdm/data': No such file or directory
Aug 16 01:40:38 raspberrypi systemd[1]: Started Light Display Manager.
Aug 16 01:40:38 raspberrypi systemd[1]: Reloading.
Aug 16 01:40:38 raspberrypi systemd[1]: apt-daily-upgrade.timer: Adding 6min 30.088631s random time.
Aug 16 01:40:38 raspberrypi systemd[1]: apt-daily.timer: Adding 1h 47min 30.416944s random time.
Aug 16 01:40:38 raspberrypi resize2fs_once[342]: .
Aug 16 01:40:38 raspberrypi systemd[1]: Started LSB: Resize the root filesystem to fill partition.
Aug 16 01:40:39 raspberrypi kernel: [    9.230765] Bluetooth: Core ver 2.22
Aug 16 01:40:39 raspberrypi kernel: [    9.230819] NET: Registered protocol family 31
Aug 16 01:40:39 raspberrypi kernel: [    9.230822] Bluetooth: HCI device and connection manager initialized
Aug 16 01:40:39 raspberrypi kernel: [    9.230834] Bluetooth: HCI socket layer initialized
Aug 16 01:40:39 raspberrypi kernel: [    9.230842] Bluetooth: L2CAP socket layer initialized
Aug 16 01:40:39 raspberrypi kernel: [    9.230859] Bluetooth: SCO socket layer initialized
Aug 16 01:40:39 raspberrypi btuart[339]: bcm43xx_init
Aug 16 01:40:39 raspberrypi btuart[339]: Flash firmware /lib/firmware/BCM43430A1.hcd
Aug 16 01:40:39 raspberrypi kernel: [    9.243858] Bluetooth: HCI UART driver ver 2.3
Aug 16 01:40:39 raspberrypi kernel: [    9.243865] Bluetooth: HCI UART protocol H4 registered
Aug 16 01:40:39 raspberrypi kernel: [    9.243868] Bluetooth: HCI UART protocol Three-wire (H5) registered
Aug 16 01:40:39 raspberrypi kernel: [    9.243960] Bluetooth: HCI UART protocol Broadcom registered
Aug 16 01:40:39 raspberrypi btuart[339]: Set Controller UART speed to 921600 bit/s
Aug 16 01:40:39 raspberrypi btuart[339]: Device setup complete
Aug 16 01:40:39 raspberrypi systemd[1]: Starting Load/Save RF Kill Switch Status...
Aug 16 01:40:39 raspberrypi systemd[1]: Started Load/Save RF Kill Switch Status.
Aug 16 01:40:39 raspberrypi systemd[1]: Started Configure Bluetooth Modems connected by UART.
Aug 16 01:40:39 raspberrypi systemd[1]: Starting Bluetooth service...
Aug 16 01:40:39 raspberrypi bluetoothd[504]: Bluetooth daemon 5.43
Aug 16 01:40:39 raspberrypi systemd[1]: Started Bluetooth service.
Aug 16 01:40:39 raspberrypi systemd[1]: Started BluezALSA proxy.
Aug 16 01:40:39 raspberrypi systemd[1]: Reached target Bluetooth.
Aug 16 01:40:39 raspberrypi bluetoothd[504]: Starting SDP server
Aug 16 01:40:40 raspberrypi kernel: [    9.586904] Bluetooth: BNEP (Ethernet Emulation) ver 1.3
Aug 16 01:40:40 raspberrypi kernel: [    9.586919] Bluetooth: BNEP filters: protocol multicast
Aug 16 01:40:40 raspberrypi kernel: [    9.586949] Bluetooth: BNEP socket layer initialized
Aug 16 01:40:40 raspberrypi dbus[328]: [system] Activating via systemd: service name='org.freedesktop.hostname1' unit='dbus-org.freedesktop.hostname1.service'
Aug 16 01:40:40 raspberrypi bluetoothd[504]: Bluetooth management interface 1.14 initialized
Aug 16 01:40:40 raspberrypi bluetoothd[504]: Failed to obtain handles for "Service Changed" characteristic
Aug 16 01:40:40 raspberrypi bluetoothd[504]: Sap driver initialization failed.
Aug 16 01:40:40 raspberrypi bluetoothd[504]: sap-server: Operation not permitted (1)
Aug 16 01:40:40 raspberrypi bluetoothd[504]: Endpoint registered: sender=:1.6 path=/MediaEndpoint/A2DPSource
Aug 16 01:40:40 raspberrypi systemd[1]: Starting Hostname Service...
Aug 16 01:40:40 raspberrypi bluetoothd[504]: Endpoint registered: sender=:1.6 path=/MediaEndpoint/A2DPSink
Aug 16 01:40:40 raspberrypi kernel: [    9.674953] Bluetooth: RFCOMM TTY layer initialized
Aug 16 01:40:40 raspberrypi kernel: [    9.674985] Bluetooth: RFCOMM socket layer initialized
Aug 16 01:40:40 raspberrypi kernel: [    9.675013] Bluetooth: RFCOMM ver 1.11
Aug 16 01:40:40 raspberrypi dbus[328]: [system] Successfully activated service 'org.freedesktop.hostname1'
Aug 16 01:40:40 raspberrypi systemd[1]: Started Hostname Service.
Aug 16 01:40:40 raspberrypi lightdm[530]: Error getting user list from org.freedesktop.Accounts: GDBus.Error:org.freedesktop.DBus.Error.ServiceUnknown: The name org.freedesktop.Accounts was not provided by any .service files
Aug 16 01:40:41 raspberrypi systemd[1]: Created slice User Slice of pi.
Aug 16 01:40:41 raspberrypi systemd[1]: Starting User Manager for UID 1000...
Aug 16 01:40:41 raspberrypi systemd[1]: Started Session c1 of user pi.
Aug 16 01:40:41 raspberrypi systemd[538]: Reached target Timers.
Aug 16 01:40:41 raspberrypi systemd[538]: Listening on GnuPG cryptographic agent (access for web browsers).
Aug 16 01:40:41 raspberrypi systemd[538]: Starting D-Bus User Message Bus Socket.
Aug 16 01:40:41 raspberrypi systemd[538]: Listening on GnuPG cryptographic agent (ssh-agent emulation).
Aug 16 01:40:41 raspberrypi systemd[538]: Listening on GnuPG cryptographic agent and passphrase cache.
Aug 16 01:40:41 raspberrypi systemd[538]: Listening on GnuPG cryptographic agent and passphrase cache (restricted).
Aug 16 01:40:41 raspberrypi systemd[538]: Reached target Paths.
Aug 16 01:40:41 raspberrypi systemd[538]: Listening on D-Bus User Message Bus Socket.
Aug 16 01:40:41 raspberrypi systemd[538]: Reached target Sockets.
Aug 16 01:40:41 raspberrypi systemd[538]: Reached target Basic System.
Aug 16 01:40:41 raspberrypi systemd[538]: Reached target Default.
Aug 16 01:40:41 raspberrypi systemd[538]: Startup finished in 154ms.
Aug 16 01:40:41 raspberrypi systemd[1]: Started User Manager for UID 1000.
Aug 16 01:40:41 raspberrypi lightdm[455]: Error opening audit socket: Protocol not supported
Aug 16 01:40:41 raspberrypi systemd[538]: Started D-Bus User Message Bus.
Aug 16 01:40:41 raspberrypi ssh-keygen[364]: ssh-keygen: generating new host keys: RSA DSA ECDSA ED25519
Aug 16 01:40:41 raspberrypi dbus-daemon[556]: Successfully activated service 'org.freedesktop.systemd1'
Aug 16 01:40:41 raspberrypi systemctl[558]: Removed /etc/systemd/system/multi-user.target.wants/regenerate_ssh_host_keys.service.
Aug 16 01:40:41 raspberrypi systemd[1]: Reloading.
Aug 16 01:40:41 raspberrypi systemd[1]: apt-daily-upgrade.timer: Adding 43min 25.036086s random time.
Aug 16 01:40:41 raspberrypi systemd[1]: apt-daily.timer: Adding 6h 9min 30.324106s random time.
Aug 16 01:40:41 raspberrypi systemd[1]: Started Regenerate SSH host keys.
Aug 16 01:40:41 raspberrypi systemd[1]: Reached target Multi-User System.
Aug 16 01:40:41 raspberrypi systemd[1]: Reached target Graphical Interface.
Aug 16 01:40:41 raspberrypi systemd[1]: Starting Update UTMP about System Runlevel Changes...
Aug 16 01:40:42 raspberrypi systemd[1]: Started Update UTMP about System Runlevel Changes.
Aug 16 01:40:42 raspberrypi systemd[1]: Startup finished in 1.570s (kernel) + 10.043s (userspace) = 11.613s.
Aug 16 01:40:42 raspberrypi systemd[1]: Started Session c2 of user pi.
Aug 16 01:40:43 raspberrypi dbus-daemon[556]: Activating via systemd: service name='org.gtk.vfs.Daemon' unit='gvfs-daemon.service'
Aug 16 01:40:43 raspberrypi systemd[538]: Starting Virtual filesystem service...
Aug 16 01:40:44 raspberrypi dbus-daemon[556]: Successfully activated service 'org.gtk.vfs.Daemon'
Aug 16 01:40:44 raspberrypi systemd[538]: Started Virtual filesystem service.
Aug 16 01:40:44 raspberrypi kernel: [   13.629326] fuse init (API version 7.26)
Aug 16 01:40:44 raspberrypi systemd[1]: Mounting FUSE Control File System...
Aug 16 01:40:44 raspberrypi systemd[1]: Mounted FUSE Control File System.
Aug 16 01:40:44 raspberrypi dbus[328]: [system] Activating via systemd: service name='org.freedesktop.PolicyKit1' unit='polkit.service'
Aug 16 01:40:44 raspberrypi systemd[1]: Starting Authorization Manager...
Aug 16 01:40:44 raspberrypi polkitd[707]: started daemon version 0.105 using authority implementation `local' version `0.105'
Aug 16 01:40:44 raspberrypi dbus[328]: [system] Successfully activated service 'org.freedesktop.PolicyKit1'
Aug 16 01:40:44 raspberrypi systemd[1]: Started Authorization Manager.
Aug 16 01:40:46 raspberrypi dbus-daemon[556]: Activating via systemd: service name='org.gtk.vfs.UDisks2VolumeMonitor' unit='gvfs-udisks2-volume-monitor.service'
Aug 16 01:40:46 raspberrypi systemd[538]: Starting Virtual filesystem service - disk device monitor...
Aug 16 01:40:46 raspberrypi dbus[328]: [system] Activating via systemd: service name='org.freedesktop.UDisks2' unit='udisks2.service'
Aug 16 01:40:46 raspberrypi systemd[1]: Starting Disk Manager...
Aug 16 01:40:46 raspberrypi udisksd[737]: udisks daemon version 2.1.8 starting
Aug 16 01:40:46 raspberrypi dbus[328]: [system] Successfully activated service 'org.freedesktop.UDisks2'
Aug 16 01:40:46 raspberrypi systemd[1]: Started Disk Manager.
Aug 16 01:40:46 raspberrypi udisksd[737]: Acquired the name org.freedesktop.UDisks2 on the system message bus
Aug 16 01:40:46 raspberrypi dbus-daemon[556]: Successfully activated service 'org.gtk.vfs.UDisks2VolumeMonitor'
Aug 16 01:40:46 raspberrypi systemd[538]: Started Virtual filesystem service - disk device monitor.
Aug 16 01:40:46 raspberrypi dbus-daemon[556]: Activating via systemd: service name='org.gtk.vfs.GPhoto2VolumeMonitor' unit='gvfs-gphoto2-volume-monitor.service'
Aug 16 01:40:47 raspberrypi systemd[538]: Starting Virtual filesystem service - digital camera monitor...
Aug 16 01:40:47 raspberrypi dbus-daemon[556]: Successfully activated service 'org.gtk.vfs.GPhoto2VolumeMonitor'
Aug 16 01:40:47 raspberrypi systemd[538]: Started Virtual filesystem service - digital camera monitor.
Aug 16 01:40:47 raspberrypi dbus-daemon[556]: Activating via systemd: service name='org.gtk.vfs.AfcVolumeMonitor' unit='gvfs-afc-volume-monitor.service'
Aug 16 01:40:47 raspberrypi systemd[538]: Starting Virtual filesystem service - Apple File Conduit monitor...
Aug 16 01:40:47 raspberrypi gvfs-afc-volume-monitor[753]: Volume monitor alive
Aug 16 01:40:47 raspberrypi dbus-daemon[556]: Successfully activated service 'org.gtk.vfs.AfcVolumeMonitor'
Aug 16 01:40:47 raspberrypi systemd[538]: Started Virtual filesystem service - Apple File Conduit monitor.
Aug 16 01:40:47 raspberrypi dbus-daemon[556]: Activating via systemd: service name='org.gtk.vfs.MTPVolumeMonitor' unit='gvfs-mtp-volume-monitor.service'
Aug 16 01:40:47 raspberrypi systemd[538]: Starting Virtual filesystem service - Media Transfer Protocol monitor...
Aug 16 01:40:47 raspberrypi dbus-daemon[556]: Successfully activated service 'org.gtk.vfs.MTPVolumeMonitor'
Aug 16 01:40:47 raspberrypi systemd[538]: Started Virtual filesystem service - Media Transfer Protocol monitor.
Aug 16 01:40:47 raspberrypi dbus-daemon[556]: Activating via systemd: service name='org.gtk.vfs.GoaVolumeMonitor' unit='gvfs-goa-volume-monitor.service'
Aug 16 01:40:47 raspberrypi systemd[538]: Starting Virtual filesystem service - GNOME Online Accounts monitor...
Aug 16 01:40:47 raspberrypi dbus-daemon[556]: Successfully activated service 'org.gtk.vfs.GoaVolumeMonitor'
Aug 16 01:40:47 raspberrypi systemd[538]: Started Virtual filesystem service - GNOME Online Accounts monitor.
Aug 16 01:41:06 raspberrypi dhcpcd[369]: enxb827eb34b429: carrier acquired
Aug 16 01:41:06 raspberrypi dhcpcd[369]: enxb827eb34b429: adding address fe80::2467:8a76:687b:5dba
Aug 16 01:41:06 raspberrypi kernel: [   35.522849] IPv6: ADDRCONF(NETDEV_CHANGE): enxb827eb34b429: link becomes ready
Aug 16 01:41:06 raspberrypi kernel: [   35.523713] smsc95xx 1-1.1:1.0 enxb827eb34b429: link up, 100Mbps, full-duplex, lpa 0xCDE1
Aug 16 01:41:06 raspberrypi dhcpcd[369]: enxb827eb34b429: IAID eb:34:b4:29
Aug 16 01:41:06 raspberrypi dhcpcd[369]: enxb827eb34b429: soliciting an IPv6 router
Aug 16 01:41:07 raspberrypi dhcpcd[369]: enxb827eb34b429: soliciting a DHCP lease
Aug 16 01:41:07 raspberrypi dhcpcd[369]: enxb827eb34b429: offered 192.168.0.16 from 192.168.0.1
Aug 16 01:41:07 raspberrypi dhcpcd[369]: enxb827eb34b429: probing address 192.168.0.16/24
Aug 16 01:41:07 raspberrypi avahi-daemon[335]: Joining mDNS multicast group on interface enxb827eb34b429.IPv6 with address fe80::2467:8a76:687b:5dba.
Aug 16 01:41:07 raspberrypi avahi-daemon[335]: New relevant interface enxb827eb34b429.IPv6 for mDNS.
Aug 16 01:41:07 raspberrypi avahi-daemon[335]: Registering new address record for fe80::2467:8a76:687b:5dba on enxb827eb34b429.*.
Aug 16 01:41:12 raspberrypi dhcpcd[369]: enxb827eb34b429: leased 192.168.0.16 for 7200 seconds
Aug 16 01:41:12 raspberrypi avahi-daemon[335]: Joining mDNS multicast group on interface enxb827eb34b429.IPv4 with address 192.168.0.16.
Aug 16 01:41:12 raspberrypi dhcpcd[369]: enxb827eb34b429: adding route to 192.168.0.0/24
Aug 16 01:41:12 raspberrypi avahi-daemon[335]: New relevant interface enxb827eb34b429.IPv4 for mDNS.
Aug 16 01:41:12 raspberrypi avahi-daemon[335]: Registering new address record for 192.168.0.16 on enxb827eb34b429.IPv4.
Aug 16 01:41:12 raspberrypi dhcpcd[369]: enxb827eb34b429: adding default route via 192.168.0.1
Aug 16 01:41:12 raspberrypi dhcpcd[369]: enxb827eb34b429: removing route to 192.168.0.0/24
Aug 16 01:41:19 raspberrypi dhcpcd[369]: enxb827eb34b429: no IPv6 Routers available
Nov 23 00:39:09 raspberrypi systemd[1]: Time has been changed
Nov 23 00:39:09 raspberrypi systemd-timesyncd[298]: Synchronized to time server 211.233.84.186:123 (0.debian.pool.ntp.org).
Nov 23 00:39:09 raspberrypi systemd[1]: apt-daily-upgrade.timer: Adding 46min 33.052608s random time.
Nov 23 00:39:09 raspberrypi systemd[538]: Time has been changed
Nov 23 00:39:09 raspberrypi systemd[1]: apt-daily.timer: Adding 6h 20min 2.854832s random time.
Nov 23 00:39:17 raspberrypi kernel: [   72.681946] random: crng init done
Nov 23 00:41:11 raspberrypi kernel: [  186.502187] usb 1-1.2: new full-speed USB device number 4 using dwc_otg
Nov 23 00:41:11 raspberrypi kernel: [  186.653583] usb 1-1.2: New USB device found, idVendor=04b4, idProduct=1000
Nov 23 00:41:11 raspberrypi kernel: [  186.653598] usb 1-1.2: New USB device strings: Mfr=1, Product=2, SerialNumber=0
Nov 23 00:41:11 raspberrypi kernel: [  186.653606] usb 1-1.2: Product: USB Keyboard/Hub
Nov 23 00:41:11 raspberrypi kernel: [  186.653614] usb 1-1.2: Manufacturer: Cypress Semi
Nov 23 00:41:11 raspberrypi kernel: [  186.655965] hub 1-1.2:1.0: USB hub found
Nov 23 00:41:11 raspberrypi kernel: [  186.656596] hub 1-1.2:1.0: 3 ports detected
Nov 23 00:41:11 raspberrypi kernel: [  186.982211] usb 1-1.2.3: new full-speed USB device number 5 using dwc_otg
Nov 23 00:41:11 raspberrypi kernel: [  187.132574] usb 1-1.2.3: New USB device found, idVendor=04b4, idProduct=0102
Nov 23 00:41:11 raspberrypi kernel: [  187.132586] usb 1-1.2.3: New USB device strings: Mfr=1, Product=2, SerialNumber=0
Nov 23 00:41:11 raspberrypi kernel: [  187.132594] usb 1-1.2.3: Product: USB MutiMedia Keyboard
Nov 23 00:41:11 raspberrypi kernel: [  187.132602] usb 1-1.2.3: Manufacturer:  
Nov 23 00:41:11 raspberrypi kernel: [  187.187604] input:   USB MutiMedia Keyboard as /devices/platform/soc/3f980000.usb/usb1/1-1/1-1.2/1-1.2.3/1-1.2.3:1.0/0003:04B4:0102.0001/input/input0
Nov 23 00:41:11 raspberrypi kernel: [  187.253155] hid-generic 0003:04B4:0102.0001: input,hidraw0: USB HID v1.00 Keyboard [  USB MutiMedia Keyboard] on usb-3f980000.usb-1.2.3/input0
Nov 23 00:41:11 raspberrypi kernel: [  187.270342] input:   USB MutiMedia Keyboard as /devices/platform/soc/3f980000.usb/usb1/1-1/1-1.2/1-1.2.3/1-1.2.3:1.1/0003:04B4:0102.0002/input/input1
Nov 23 00:41:11 raspberrypi kernel: [  187.332523] hid-generic 0003:04B4:0102.0002: input,hidraw1: USB HID v1.00 Device [  USB MutiMedia Keyboard] on usb-3f980000.usb-1.2.3/input1
Nov 23 00:41:11 raspberrypi mtp-probe: checking bus 1, device 5: "/sys/devices/platform/soc/3f980000.usb/usb1/1-1/1-1.2/1-1.2.3"
Nov 23 00:41:11 raspberrypi mtp-probe: bus: 1, device: 5 was not an MTP device
Nov 23 00:41:12 raspberrypi systemd-udevd[862]: Process '/usr/sbin/th-cmd --socket /var/run/thd.socket --passfd --udev' failed with exit code 1.
Nov 23 00:41:12 raspberrypi systemd-udevd[867]: Process '/usr/sbin/th-cmd --socket /var/run/thd.socket --passfd --udev' failed with exit code 1.
Nov 23 00:43:49 raspberrypi kernel: [  345.231449] usb 1-1.2-port3: cannot reset (err = -32)
Nov 23 00:43:49 raspberrypi kernel: [  345.231557] usb 1-1.2-port3: cannot reset (err = -32)
Nov 23 00:43:49 raspberrypi kernel: [  345.231681] usb 1-1.2-port3: cannot reset (err = -32)
Nov 23 00:43:49 raspberrypi kernel: [  345.231806] usb 1-1.2-port3: cannot reset (err = -32)
Nov 23 00:43:49 raspberrypi kernel: [  345.231931] usb 1-1.2-port3: cannot reset (err = -32)
Nov 23 00:43:49 raspberrypi kernel: [  345.231936] usb 1-1.2-port3: Cannot enable. Maybe the USB cable is bad?
Nov 23 00:43:49 raspberrypi kernel: [  345.232056] usb 1-1.2-port3: cannot disable (err = -32)
Nov 23 00:43:49 raspberrypi kernel: [  345.232181] usb 1-1.2-port3: cannot reset (err = -32)
Nov 23 00:43:49 raspberrypi kernel: [  345.232305] usb 1-1.2-port3: cannot reset (err = -32)
Nov 23 00:43:49 raspberrypi kernel: [  345.232430] usb 1-1.2-port3: cannot reset (err = -32)
Nov 23 00:43:49 raspberrypi kernel: [  345.232556] usb 1-1.2-port3: cannot reset (err = -32)
Nov 23 00:43:49 raspberrypi kernel: [  345.232681] usb 1-1.2-port3: cannot reset (err = -32)
Nov 23 00:43:49 raspberrypi kernel: [  345.232686] usb 1-1.2-port3: Cannot enable. Maybe the USB cable is bad?
Nov 23 00:43:49 raspberrypi kernel: [  345.232806] usb 1-1.2-port3: cannot disable (err = -32)
Nov 23 00:43:49 raspberrypi kernel: [  345.232931] usb 1-1.2-port3: cannot reset (err = -32)
Nov 23 00:43:49 raspberrypi kernel: [  345.233056] usb 1-1.2-port3: cannot reset (err = -32)
Nov 23 00:43:49 raspberrypi kernel: [  345.233181] usb 1-1.2-port3: cannot reset (err = -32)
Nov 23 00:43:49 raspberrypi kernel: [  345.233306] usb 1-1.2-port3: cannot reset (err = -32)
Nov 23 00:43:49 raspberrypi kernel: [  345.233430] usb 1-1.2-port3: cannot reset (err = -32)
Nov 23 00:43:49 raspberrypi kernel: [  345.233436] usb 1-1.2-port3: Cannot enable. Maybe the USB cable is bad?
Nov 23 00:43:49 raspberrypi kernel: [  345.233556] usb 1-1.2-port3: cannot disable (err = -32)
Nov 23 00:43:49 raspberrypi kernel: [  345.233681] usb 1-1.2-port3: cannot reset (err = -32)
Nov 23 00:43:49 raspberrypi kernel: [  345.233806] usb 1-1.2-port3: cannot reset (err = -32)
Nov 23 00:43:49 raspberrypi kernel: [  345.233994] usb 1-1.2-port3: cannot reset (err = -32)
Nov 23 00:43:49 raspberrypi kernel: [  345.234188] usb 1-1.2-port3: cannot reset (err = -32)
Nov 23 00:43:49 raspberrypi kernel: [  345.234319] usb 1-1.2-port3: cannot reset (err = -32)
Nov 23 00:43:49 raspberrypi kernel: [  345.234324] usb 1-1.2-port3: Cannot enable. Maybe the USB cable is bad?
Nov 23 00:43:49 raspberrypi kernel: [  345.234438] usb 1-1.2-port3: cannot disable (err = -32)
Nov 23 00:43:49 raspberrypi kernel: [  345.234560] usb 1-1.2-port3: cannot disable (err = -32)
Nov 23 00:43:49 raspberrypi kernel: [  345.235436] hub 1-1.2:1.0: hub_ext_port_status failed (err = -32)
Nov 23 00:43:50 raspberrypi kernel: [  345.439455] usb 1-1.2: USB disconnect, device number 4
Nov 23 00:43:50 raspberrypi kernel: [  345.439473] usb 1-1.2.3: USB disconnect, device number 5
Nov 23 00:44:19 raspberrypi kernel: [  374.664043] usb 1-1.2: new low-speed USB device number 6 using dwc_otg
Nov 23 00:44:19 raspberrypi kernel: [  374.798326] usb 1-1.2: New USB device found, idVendor=2188, idProduct=0ae1
Nov 23 00:44:19 raspberrypi kernel: [  374.798341] usb 1-1.2: New USB device strings: Mfr=0, Product=1, SerialNumber=0
Nov 23 00:44:19 raspberrypi kernel: [  374.798350] usb 1-1.2: Product: USB OPTICAL MOUSE 
Nov 23 00:44:19 raspberrypi kernel: [  374.803803] input: USB OPTICAL MOUSE  as /devices/platform/soc/3f980000.usb/usb1/1-1/1-1.2/1-1.2:1.0/0003:2188:0AE1.0003/input/input2
Nov 23 00:44:19 raspberrypi kernel: [  374.808329] hid-generic 0003:2188:0AE1.0003: input,hidraw0: USB HID v1.11 Mouse [USB OPTICAL MOUSE ] on usb-3f980000.usb-1.2/input0
Nov 23 00:44:19 raspberrypi mtp-probe: checking bus 1, device 6: "/sys/devices/platform/soc/3f980000.usb/usb1/1-1/1-1.2"
Nov 23 00:44:19 raspberrypi mtp-probe: bus: 1, device: 6 was not an MTP device
Nov 23 00:44:19 raspberrypi systemd-udevd[888]: Process '/usr/sbin/th-cmd --socket /var/run/thd.socket --passfd --udev' failed with exit code 1.
Nov 23 00:44:19 raspberrypi systemd-udevd[886]: Process '/usr/sbin/th-cmd --socket /var/run/thd.socket --passfd --udev' failed with exit code 1.
Nov 23 00:44:45 raspberrypi systemd[1]: Reloading.
Nov 23 00:44:45 raspberrypi systemd[1]: apt-daily-upgrade.timer: Adding 52min 25.086273s random time.
Nov 23 00:44:45 raspberrypi systemd[1]: apt-daily.timer: Adding 10h 25min 21.419918s random time.
Nov 23 00:44:46 raspberrypi systemd[1]: Starting OpenBSD Secure Shell server...
Nov 23 00:44:46 raspberrypi systemd[1]: Started OpenBSD Secure Shell server.
Nov 23 00:44:46 raspberrypi systemd[1]: Reloading.
Nov 23 00:44:46 raspberrypi systemd[1]: apt-daily-upgrade.timer: Adding 56min 23.285565s random time.
Nov 23 00:44:46 raspberrypi systemd[1]: apt-daily.timer: Adding 2h 28min 5.248924s random time.
Nov 23 00:44:46 raspberrypi systemd[1]: Started VNC Server in Service Mode daemon.
Nov 23 00:44:47 raspberrypi vncserver-x11[1087]: ServerManager: Server started
Nov 23 00:44:47 raspberrypi vncserver-x11[1087]: ConsoleDisplay: Found running X server (pid=471)
Nov 23 00:44:49 raspberrypi systemd[1]: Stopped target Timers.
Nov 23 00:44:49 raspberrypi systemd[1]: Stopped Daily Cleanup of Temporary Directories.
Nov 23 00:44:49 raspberrypi systemd[1]: Unmounting RPC Pipe File System...
Nov 23 00:44:49 raspberrypi systemd[1]: Stopping Authorization Manager...
Nov 23 00:44:49 raspberrypi systemd[1]: Closed Load/Save RF Kill Switch Status /dev/rfkill Watch.
Nov 23 00:44:49 raspberrypi systemd[1]: Stopped target Sound Card.
Nov 23 00:44:49 raspberrypi systemd[1]: Stopping Save/Restore Sound Card State...
Nov 23 00:44:49 raspberrypi systemd[1]: Stopped target Graphical Interface.
Nov 23 00:44:49 raspberrypi systemd[1]: Stopping Light Display Manager...
Nov 23 00:44:49 raspberrypi systemd[1]: Stopped target Multi-User System.
Nov 23 00:44:49 raspberrypi systemd[1]: Stopping VNC Server in Service Mode daemon...
Nov 23 00:44:49 raspberrypi systemd[1]: Stopping D-Bus System Message Bus...
Nov 23 00:44:49 raspberrypi avahi-daemon[335]: Got SIGTERM, quitting.
Nov 23 00:44:49 raspberrypi avahi-daemon[335]: Leaving mDNS multicast group on interface enxb827eb34b429.IPv6 with address fe80::2467:8a76:687b:5dba.
Nov 23 00:44:49 raspberrypi avahi-daemon[335]: Leaving mDNS multicast group on interface enxb827eb34b429.IPv4 with address 192.168.0.16.
Nov 23 00:44:49 raspberrypi lightdm[455]: Failed to get D-Bus connection
Nov 23 00:44:49 raspberrypi avahi-daemon[335]: avahi-daemon 0.6.32 exiting.
Nov 23 00:44:49 raspberrypi lightdm[455]: Error opening audit socket: Protocol not supported
Nov 23 00:44:49 raspberrypi systemd[1]: Stopping Avahi mDNS/DNS-SD Stack...
Nov 23 00:44:49 raspberrypi bluetoothd[504]: Disconnected from D-Bus. Exiting.
Nov 23 00:44:49 raspberrypi bluetoothd[504]: Endpoint unregistered: sender=:1.6 path=/MediaEndpoint/A2DPSource
Nov 23 00:44:49 raspberrypi bluetoothd[504]: Endpoint unregistered: sender=:1.6 path=/MediaEndpoint/A2DPSink
Nov 23 00:44:49 raspberrypi bluetoothd[504]: Stopping SDP server
Nov 23 00:44:49 raspberrypi systemd[1]: Stopping triggerhappy global hotkey daemon...
Nov 23 00:44:49 raspberrypi bluetoothd[504]: Exit
Nov 23 00:44:49 raspberrypi systemd[1]: Stopped Check for v3d driver.
Nov 23 00:44:49 raspberrypi vncserver-x11-serviced[1086]: XIO:  fatal IO error 11 (Resource temporarily unavailable) on X server ":0"
Nov 23 00:44:49 raspberrypi vncserver-x11-serviced[1086]:       after 1986 requests (1986 known processed) with 0 events remaining.
Nov 23 00:44:49 raspberrypi systemd[1]: Stopping BluezALSA proxy...
Nov 23 00:44:49 raspberrypi systemd[1]: Stopping LSB: Autogenerate and use a swap file...
Nov 23 00:44:49 raspberrypi vncserver-x11[1087]: ServerManager: Server stopped
Nov 23 00:44:49 raspberrypi systemd[1]: Stopping Regular background program processing daemon...
Nov 23 00:44:49 raspberrypi systemd[1]: Stopping Session c1 of user pi.
Nov 23 00:44:54 raspberrypi systemd-modules-load[109]: Inserted module 'i2c_dev'
Nov 23 00:44:54 raspberrypi fake-hwclock[117]: Thu 23 Nov 00:44:52 UTC 2017
Nov 23 00:44:54 raspberrypi systemd[1]: Time has been changed
Nov 23 00:44:54 raspberrypi systemd[1]: Started Restore / save the current clock.
Nov 23 00:44:54 raspberrypi systemd-fsck[118]: e2fsck 1.43.4 (31-Jan-2017)
Nov 23 00:44:54 raspberrypi systemd[1]: Started Create Static Device Nodes in /dev.
Nov 23 00:44:54 raspberrypi systemd[1]: Starting udev Kernel Device Manager...
Nov 23 00:44:54 raspberrypi systemd-fsck[118]: /dev/mmcblk0p2: clean, 135579/955808 files, 1139988/3877760 blocks
Nov 23 00:44:54 raspberrypi systemd[1]: Started File System Check on Root Device.
Nov 23 00:44:54 raspberrypi systemd[1]: Starting Remount Root and Kernel File Systems...
Nov 23 00:44:54 raspberrypi systemd[1]: Started Remount Root and Kernel File Systems.
Nov 23 00:44:54 raspberrypi systemd[1]: Starting udev Coldplug all Devices...
Nov 23 00:44:54 raspberrypi systemd[1]: Starting Load/Save Random Seed...
Nov 23 00:44:54 raspberrypi systemd[1]: Starting Flush Journal to Persistent Storage...
Nov 23 00:44:54 raspberrypi systemd[1]: Started udev Kernel Device Manager.
Nov 23 00:44:54 raspberrypi systemd[1]: Started Load/Save Random Seed.
Nov 23 00:44:54 raspberrypi systemd[1]: Started Flush Journal to Persistent Storage.
Nov 23 00:44:54 raspberrypi systemd[1]: Started Set the console keyboard layout.
Nov 23 00:44:54 raspberrypi systemd[1]: Reached target Local File Systems (Pre).
Nov 23 00:44:54 raspberrypi systemd[1]: Started udev Coldplug all Devices.
Nov 23 00:44:54 raspberrypi systemd[1]: Starting Show Plymouth Boot Screen...
Nov 23 00:44:54 raspberrypi systemd[1]: Started Show Plymouth Boot Screen.
Nov 23 00:44:54 raspberrypi systemd[1]: Reached target Encrypted Volumes.
Nov 23 00:44:54 raspberrypi systemd[1]: Reached target Paths.
Nov 23 00:44:54 raspberrypi systemd[1]: Started Forward Password Requests to Plymouth Directory Watch.
Nov 23 00:44:54 raspberrypi systemd[1]: Found device /dev/serial1.
Nov 23 00:44:54 raspberrypi systemd[1]: Found device /dev/disk/by-partuuid/6ef05053-01.
Nov 23 00:44:54 raspberrypi systemd[1]: Starting File System Check on /dev/disk/by-partuuid/6ef05053-01...
Nov 23 00:44:54 raspberrypi mtp-probe: checking bus 1, device 3: "/sys/devices/platform/soc/3f980000.usb/usb1/1-1/1-1.1"
Nov 23 00:44:54 raspberrypi mtp-probe: checking bus 1, device 4: "/sys/devices/platform/soc/3f980000.usb/usb1/1-1/1-1.2"
Nov 23 00:44:54 raspberrypi mtp-probe: bus: 1, device: 4 was not an MTP device
Nov 23 00:44:54 raspberrypi mtp-probe: bus: 1, device: 3 was not an MTP device
Nov 23 00:44:54 raspberrypi systemd[1]: Reached target Sound Card.
Nov 23 00:44:54 raspberrypi systemd[1]: Listening on Load/Save RF Kill Switch Status /dev/rfkill Watch.
Nov 23 00:44:54 raspberrypi systemd[1]: Starting Load/Save RF Kill Switch Status...
Nov 23 00:44:54 raspberrypi systemd[1]: Started Load/Save RF Kill Switch Status.
Nov 23 00:44:54 raspberrypi systemd-fsck[256]: fsck.fat 4.1 (2017-01-24)
Nov 23 00:44:54 raspberrypi systemd-fsck[256]: /dev/mmcblk0p1: 147 files, 42947/84273 clusters
Nov 23 00:44:54 raspberrypi systemd[1]: Started File System Check on /dev/disk/by-partuuid/6ef05053-01.
Nov 23 00:44:54 raspberrypi systemd[1]: Mounting /boot...
Nov 23 00:44:54 raspberrypi systemd[1]: Mounted /boot.
Nov 23 00:44:54 raspberrypi systemd[1]: Reached target Local File Systems.
Nov 23 00:44:54 raspberrypi systemd[1]: Starting Preprocess NFS configuration...
Nov 23 00:44:54 raspberrypi systemd[1]: Starting Set console font and keymap...
Nov 23 00:44:54 raspberrypi systemd[1]: Starting Create Volatile Files and Directories...
Nov 23 00:44:54 raspberrypi systemd[1]: Starting Raise network interfaces...
Nov 23 00:44:54 raspberrypi systemd[1]: Starting Tell Plymouth To Write Out Runtime Data...
Nov 23 00:44:54 raspberrypi systemd[1]: Started Preprocess NFS configuration.
Nov 23 00:44:54 raspberrypi systemd[1]: Reached target NFS client services.
Nov 23 00:44:54 raspberrypi systemd[1]: Reached target Remote File Systems (Pre).
Nov 23 00:44:54 raspberrypi systemd[1]: Reached target Remote File Systems.
Nov 23 00:44:54 raspberrypi systemd-udevd[202]: Process '/usr/sbin/th-cmd --socket /var/run/thd.socket --passfd --udev' failed with exit code 1.
Nov 23 00:44:54 raspberrypi systemd[1]: Started Set console font and keymap.
Nov 23 00:44:54 raspberrypi systemd[1]: Started Tell Plymouth To Write Out Runtime Data.
Nov 23 00:44:54 raspberrypi systemd[1]: Started Create Volatile Files and Directories.
Nov 23 00:44:54 raspberrypi systemd[1]: Starting Network Time Synchronization...
Nov 23 00:44:54 raspberrypi systemd[1]: Starting Update UTMP about System Boot/Shutdown...
Nov 23 00:44:54 raspberrypi systemd[1]: Started Update UTMP about System Boot/Shutdown.
Nov 23 00:44:54 raspberrypi systemd-udevd[194]: Process '/usr/sbin/th-cmd --socket /var/run/thd.socket --passfd --udev' failed with exit code 1.
Nov 23 00:44:54 raspberrypi systemd[1]: Started Network Time Synchronization.
Nov 23 00:44:54 raspberrypi systemd[1]: Reached target System Initialization.
Nov 23 00:44:54 raspberrypi systemd[1]: Listening on Avahi mDNS/DNS-SD Stack Activation Socket.
Nov 23 00:44:54 raspberrypi systemd[1]: Listening on triggerhappy.socket.
Nov 23 00:44:54 raspberrypi systemd[1]: Listening on D-Bus System Message Bus Socket.
Nov 23 00:44:54 raspberrypi systemd[1]: Reached target Sockets.
Nov 23 00:44:54 raspberrypi systemd[1]: Reached target Basic System.
Nov 23 00:44:54 raspberrypi systemd[1]: Starting LSB: Autogenerate and use a swap file...
Nov 23 00:44:54 raspberrypi systemd[1]: Starting System Logging Service...
Nov 23 00:44:54 raspberrypi systemd[1]: Starting Check for v3d driver...
Nov 23 00:44:54 raspberrypi systemd[1]: Starting Login Service...
Nov 23 00:44:54 raspberrypi systemd[1]: Starting Save/Restore Sound Card State...
Nov 23 00:44:54 raspberrypi systemd[1]: Started D-Bus System Message Bus.
Nov 23 00:44:54 raspberrypi liblogging-stdlog:  [origin software="rsyslogd" swVersion="8.24.0" x-pid="349" x-info="http://www.rsyslog.com"] start
Nov 23 00:44:54 raspberrypi kernel: [    0.000000] Booting Linux on physical CPU 0x0
Nov 23 00:44:54 raspberrypi kernel: [    0.000000] Linux version 4.9.41-v7+ (dc4@dc4-XPS13-9333) (gcc version 4.9.3 (crosstool-NG crosstool-ng-1.22.0-88-g8460611) ) #1023 SMP Tue Aug 8 16:00:15 BST 2017
Nov 23 00:44:54 raspberrypi kernel: [    0.000000] CPU: ARMv7 Processor [410fd034] revision 4 (ARMv7), cr=10c5383d
Nov 23 00:44:54 raspberrypi kernel: [    0.000000] CPU: div instructions available: patching division code
Nov 23 00:44:54 raspberrypi kernel: [    0.000000] CPU: PIPT / VIPT nonaliasing data cache, VIPT aliasing instruction cache
Nov 23 00:44:54 raspberrypi kernel: [    0.000000] OF: fdt:Machine model: Raspberry Pi 3 Model B Rev 1.2
Nov 23 00:44:54 raspberrypi kernel: [    0.000000] cma: Reserved 8 MiB at 0x37800000
Nov 23 00:44:54 raspberrypi kernel: [    0.000000] Memory policy: Data cache writealloc
Nov 23 00:44:54 raspberrypi kernel: [    0.000000] On node 0 totalpages: 229376
Nov 23 00:44:54 raspberrypi kernel: [    0.000000] free_area_init_node: node 0, pgdat 80c6eec0, node_mem_map b7016000
Nov 23 00:44:54 raspberrypi kernel: [    0.000000]   Normal zone: 2016 pages used for memmap
Nov 23 00:44:54 raspberrypi kernel: [    0.000000]   Normal zone: 0 pages reserved
Nov 23 00:44:54 raspberrypi kernel: [    0.000000]   Normal zone: 229376 pages, LIFO batch:31
Nov 23 00:44:54 raspberrypi kernel: [    0.000000] percpu: Embedded 14 pages/cpu @b6fd0000 s25600 r8192 d23552 u57344
Nov 23 00:44:54 raspberrypi kernel: [    0.000000] pcpu-alloc: s25600 r8192 d23552 u57344 alloc=14*4096
Nov 23 00:44:54 raspberrypi kernel: [    0.000000] pcpu-alloc: [0] 0 [0] 1 [0] 2 [0] 3 
Nov 23 00:44:54 raspberrypi kernel: [    0.000000] Built 1 zonelists in Zone order, mobility grouping on.  Total pages: 227360
Nov 23 00:44:54 raspberrypi kernel: [    0.000000] Kernel command line: 8250.nr_uarts=0 bcm2708_fb.fbwidth=1280 bcm2708_fb.fbheight=1024 bcm2708_fb.fbswap=1 vc_mem.mem_base=0x3ec00000 vc_mem.mem_size=0x40000000  dwc_otg.lpm_enable=0 console=ttyS0,115200 console=tty1 root=PARTUUID=6ef05053-02 rootfstype=ext4 elevator=deadline fsck.repair=yes rootwait quiet splash plymouth.ignore-serial-consoles
Nov 23 00:44:54 raspberrypi kernel: [    0.000000] PID hash table entries: 4096 (order: 2, 16384 bytes)
Nov 23 00:44:54 raspberrypi kernel: [    0.000000] Dentry cache hash table entries: 131072 (order: 7, 524288 bytes)
Nov 23 00:44:54 raspberrypi kernel: [    0.000000] Inode-cache hash table entries: 65536 (order: 6, 262144 bytes)
Nov 23 00:44:54 raspberrypi kernel: [    0.000000] Memory: 887576K/917504K available (7168K kernel code, 484K rwdata, 2012K rodata, 1024K init, 778K bss, 21736K reserved, 8192K cma-reserved)
Nov 23 00:44:54 raspberrypi kernel: [    0.000000] Virtual kernel memory layout:
Nov 23 00:44:54 raspberrypi kernel: [    0.000000]     vector  : 0xffff0000 - 0xffff1000   (   4 kB)
Nov 23 00:44:54 raspberrypi kernel: [    0.000000]     fixmap  : 0xffc00000 - 0xfff00000   (3072 kB)
Nov 23 00:44:54 raspberrypi kernel: [    0.000000]     vmalloc : 0xb8800000 - 0xff800000   (1136 MB)
Nov 23 00:44:54 raspberrypi kernel: [    0.000000]     lowmem  : 0x80000000 - 0xb8000000   ( 896 MB)
Nov 23 00:44:54 raspberrypi kernel: [    0.000000]     modules : 0x7f000000 - 0x80000000   (  16 MB)
Nov 23 00:44:54 raspberrypi kernel: [    0.000000]       .text : 0x80008000 - 0x80800000   (8160 kB)
Nov 23 00:44:54 raspberrypi kernel: [    0.000000]       .init : 0x80b00000 - 0x80c00000   (1024 kB)
Nov 23 00:44:54 raspberrypi kernel: [    0.000000]       .data : 0x80c00000 - 0x80c79094   ( 485 kB)
Nov 23 00:44:54 raspberrypi kernel: [    0.000000]        .bss : 0x80c7b000 - 0x80d3da64   ( 779 kB)
Nov 23 00:44:54 raspberrypi kernel: [    0.000000] SLUB: HWalign=64, Order=0-3, MinObjects=0, CPUs=4, Nodes=1
Nov 23 00:44:54 raspberrypi kernel: [    0.000000] Hierarchical RCU implementation.
Nov 23 00:44:54 raspberrypi kernel: [    0.000000] 	Build-time adjustment of leaf fanout to 32.
Nov 23 00:44:54 raspberrypi kernel: [    0.000000] NR_IRQS:16 nr_irqs:16 16
Nov 23 00:44:54 raspberrypi kernel: [    0.000000] arm_arch_timer: Architected cp15 timer(s) running at 19.20MHz (phys).
Nov 23 00:44:54 raspberrypi kernel: [    0.000000] clocksource: arch_sys_counter: mask: 0xffffffffffffff max_cycles: 0x46d987e47, max_idle_ns: 440795202767 ns
Nov 23 00:44:54 raspberrypi kernel: [    0.000007] sched_clock: 56 bits at 19MHz, resolution 52ns, wraps every 4398046511078ns
Nov 23 00:44:54 raspberrypi kernel: [    0.000018] Switching to timer-based delay loop, resolution 52ns
Nov 23 00:44:54 raspberrypi kernel: [    0.000291] Console: colour dummy device 80x30
Nov 23 00:44:54 raspberrypi kernel: [    0.000307] console [tty1] enabled
Nov 23 00:44:54 raspberrypi kernel: [    0.000326] Calibrating delay loop (skipped), value calculated using timer frequency.. 38.40 BogoMIPS (lpj=192000)
Nov 23 00:44:54 raspberrypi kernel: [    0.000342] pid_max: default: 32768 minimum: 301
Nov 23 00:44:54 raspberrypi kernel: [    0.000646] Mount-cache hash table entries: 2048 (order: 1, 8192 bytes)
Nov 23 00:44:54 raspberrypi kernel: [    0.000655] Mountpoint-cache hash table entries: 2048 (order: 1, 8192 bytes)
Nov 23 00:44:54 raspberrypi kernel: [    0.001518] Disabling cpuset control group subsystem
Nov 23 00:44:54 raspberrypi kernel: [    0.001645] CPU: Testing write buffer coherency: ok
Nov 23 00:44:54 raspberrypi kernel: [    0.001678] ftrace: allocating 22396 entries in 66 pages
Nov 23 00:44:54 raspberrypi kernel: [    0.048106] CPU0: update cpu_capacity 1024
Nov 23 00:44:54 raspberrypi kernel: [    0.048121] CPU0: thread -1, cpu 0, socket 0, mpidr 80000000
Nov 23 00:44:54 raspberrypi kernel: [    0.048157] Setting up static identity map for 0x100000 - 0x100034
Nov 23 00:44:54 raspberrypi kernel: [    0.050000] CPU1: update cpu_capacity 1024
Nov 23 00:44:54 raspberrypi kernel: [    0.050007] CPU1: thread -1, cpu 1, socket 0, mpidr 80000001
Nov 23 00:44:54 raspberrypi kernel: [    0.050691] CPU2: update cpu_capacity 1024
Nov 23 00:44:54 raspberrypi kernel: [    0.050698] CPU2: thread -1, cpu 2, socket 0, mpidr 80000002
Nov 23 00:44:54 raspberrypi kernel: [    0.051362] CPU3: update cpu_capacity 1024
Nov 23 00:44:54 raspberrypi kernel: [    0.051368] CPU3: thread -1, cpu 3, socket 0, mpidr 80000003
Nov 23 00:44:54 raspberrypi kernel: [    0.051456] Brought up 4 CPUs
Nov 23 00:44:54 raspberrypi kernel: [    0.051466] SMP: Total of 4 processors activated (153.60 BogoMIPS).
Nov 23 00:44:54 raspberrypi kernel: [    0.051471] CPU: All CPU(s) started in HYP mode.
Nov 23 00:44:54 raspberrypi kernel: [    0.051474] CPU: Virtualization extensions available.
Nov 23 00:44:54 raspberrypi kernel: [    0.052264] devtmpfs: initialized
Nov 23 00:44:54 raspberrypi kernel: [    0.063536] VFP support v0.3: implementor 41 architecture 3 part 40 variant 3 rev 4
Nov 23 00:44:54 raspberrypi kernel: [    0.063808] clocksource: jiffies: mask: 0xffffffff max_cycles: 0xffffffff, max_idle_ns: 19112604462750000 ns
Nov 23 00:44:54 raspberrypi kernel: [    0.063825] futex hash table entries: 1024 (order: 4, 65536 bytes)
Nov 23 00:44:54 raspberrypi kernel: [    0.064356] pinctrl core: initialized pinctrl subsystem
Nov 23 00:44:54 raspberrypi kernel: [    0.065244] NET: Registered protocol family 16
Nov 23 00:44:54 raspberrypi kernel: [    0.067574] DMA: preallocated 1024 KiB pool for atomic coherent allocations
Nov 23 00:44:54 raspberrypi kernel: [    0.076502] hw-breakpoint: found 5 (+1 reserved) breakpoint and 4 watchpoint registers.
Nov 23 00:44:54 raspberrypi kernel: [    0.076508] hw-breakpoint: maximum watchpoint size is 8 bytes.
Nov 23 00:44:54 raspberrypi kernel: [    0.076656] Serial: AMBA PL011 UART driver
Nov 23 00:44:54 raspberrypi kernel: [    0.078528] bcm2835-mbox 3f00b880.mailbox: mailbox enabled
Nov 23 00:44:54 raspberrypi kernel: [    0.079046] uart-pl011 3f201000.serial: could not find pctldev for node /soc/gpio@7e200000/uart0_pins, deferring probe
Nov 23 00:44:54 raspberrypi kernel: [    0.148952] bcm2835-dma 3f007000.dma: DMA legacy API manager at b880f000, dmachans=0x1
Nov 23 00:44:54 raspberrypi kernel: [    0.150758] SCSI subsystem initialized
Nov 23 00:44:54 raspberrypi kernel: [    0.150915] usbcore: registered new interface driver usbfs
Nov 23 00:44:54 raspberrypi kernel: [    0.150989] usbcore: registered new interface driver hub
Nov 23 00:44:54 raspberrypi kernel: [    0.151078] usbcore: registered new device driver usb
Nov 23 00:44:54 raspberrypi kernel: [    0.157917] raspberrypi-firmware soc:firmware: Attached to firmware from 2017-08-08 12:05
Nov 23 00:44:54 raspberrypi kernel: [    0.159401] clocksource: Switched to clocksource arch_sys_counter
Nov 23 00:44:54 raspberrypi kernel: [    0.206524] VFS: Disk quotas dquot_6.6.0
Nov 23 00:44:54 raspberrypi kernel: [    0.206600] VFS: Dquot-cache hash table entries: 1024 (order 0, 4096 bytes)
Nov 23 00:44:54 raspberrypi kernel: [    0.206791] FS-Cache: Loaded
Nov 23 00:44:54 raspberrypi kernel: [    0.207034] CacheFiles: Loaded
Nov 23 00:44:54 raspberrypi kernel: [    0.219152] NET: Registered protocol family 2
Nov 23 00:44:54 raspberrypi kernel: [    0.220057] TCP established hash table entries: 8192 (order: 3, 32768 bytes)
Nov 23 00:44:54 raspberrypi kernel: [    0.220165] TCP bind hash table entries: 8192 (order: 4, 65536 bytes)
Nov 23 00:44:54 raspberrypi kernel: [    0.220350] TCP: Hash tables configured (established 8192 bind 8192)
Nov 23 00:44:54 raspberrypi kernel: [    0.220437] UDP hash table entries: 512 (order: 2, 16384 bytes)
Nov 23 00:44:54 raspberrypi kernel: [    0.220479] UDP-Lite hash table entries: 512 (order: 2, 16384 bytes)
Nov 23 00:44:54 raspberrypi kernel: [    0.220683] NET: Registered protocol family 1
Nov 23 00:44:54 raspberrypi kernel: [    0.221096] RPC: Registered named UNIX socket transport module.
Nov 23 00:44:54 raspberrypi kernel: [    0.221101] RPC: Registered udp transport module.
Nov 23 00:44:54 raspberrypi kernel: [    0.221105] RPC: Registered tcp transport module.
Nov 23 00:44:54 raspberrypi kernel: [    0.221110] RPC: Registered tcp NFSv4.1 backchannel transport module.
Nov 23 00:44:54 raspberrypi kernel: [    0.222151] hw perfevents: enabled with armv7_cortex_a7 PMU driver, 7 counters available
Nov 23 00:44:54 raspberrypi kernel: [    0.224407] workingset: timestamp_bits=14 max_order=18 bucket_order=4
Nov 23 00:44:54 raspberrypi kernel: [    0.240418] FS-Cache: Netfs 'nfs' registered for caching
Nov 23 00:44:54 raspberrypi kernel: [    0.241380] NFS: Registering the id_resolver key type
Nov 23 00:44:54 raspberrypi kernel: [    0.241405] Key type id_resolver registered
Nov 23 00:44:54 raspberrypi kernel: [    0.241410] Key type id_legacy registered
Nov 23 00:44:54 raspberrypi kernel: [    0.243826] Block layer SCSI generic (bsg) driver version 0.4 loaded (major 251)
Nov 23 00:44:54 raspberrypi kernel: [    0.243928] io scheduler noop registered
Nov 23 00:44:54 raspberrypi kernel: [    0.243933] io scheduler deadline registered (default)
Nov 23 00:44:54 raspberrypi kernel: [    0.244235] io scheduler cfq registered
Nov 23 00:44:54 raspberrypi kernel: [    0.249849] BCM2708FB: allocated DMA memory f7910000
Nov 23 00:44:54 raspberrypi kernel: [    0.249872] BCM2708FB: allocated DMA channel 0 @ b880f000
Nov 23 00:44:54 raspberrypi kernel: [    0.286716] Console: switching to colour frame buffer device 160x64
Nov 23 00:44:54 raspberrypi kernel: [    0.309561] bcm2835-rng 3f104000.rng: hwrng registered
Nov 23 00:44:54 raspberrypi kernel: [    0.309668] vc-cma: Videocore CMA driver
Nov 23 00:44:54 raspberrypi kernel: [    0.309674] vc-cma: vc_cma_base      = 0x00000000
Nov 23 00:44:54 raspberrypi kernel: [    0.309679] vc-cma: vc_cma_size      = 0x00000000 (0 MiB)
Nov 23 00:44:54 raspberrypi kernel: [    0.309684] vc-cma: vc_cma_initial   = 0x00000000 (0 MiB)
Nov 23 00:44:54 raspberrypi kernel: [    0.309894] vc-mem: phys_addr:0x00000000 mem_base=0x3ec00000 mem_size:0x40000000(1024 MiB)
Nov 23 00:44:54 raspberrypi kernel: [    0.325249] brd: module loaded
Nov 23 00:44:54 raspberrypi kernel: [    0.334068] loop: module loaded
Nov 23 00:44:54 raspberrypi kernel: [    0.334078] Loading iSCSI transport class v2.0-870.
Nov 23 00:44:54 raspberrypi kernel: [    0.334616] usbcore: registered new interface driver smsc95xx
Nov 23 00:44:54 raspberrypi kernel: [    0.334631] dwc_otg: version 3.00a 10-AUG-2012 (platform bus)
Nov 23 00:44:54 raspberrypi kernel: [    0.562667] Core Release: 2.80a
Nov 23 00:44:54 raspberrypi kernel: [    0.562675] Setting default values for core params
Nov 23 00:44:54 raspberrypi kernel: [    0.562706] Finished setting default values for core params
Nov 23 00:44:54 raspberrypi kernel: [    0.763095] Using Buffer DMA mode
Nov 23 00:44:54 raspberrypi kernel: [    0.763102] Periodic Transfer Interrupt Enhancement - disabled
Nov 23 00:44:54 raspberrypi kernel: [    0.763106] Multiprocessor Interrupt Enhancement - disabled
Nov 23 00:44:54 raspberrypi kernel: [    0.763112] OTG VER PARAM: 0, OTG VER FLAG: 0
Nov 23 00:44:54 raspberrypi kernel: [    0.763123] Dedicated Tx FIFOs mode
Nov 23 00:44:54 raspberrypi kernel: [    0.763468] WARN::dwc_otg_hcd_init:1032: FIQ DMA bounce buffers: virt = 0xb7904000 dma = 0xf7904000 len=9024
Nov 23 00:44:54 raspberrypi kernel: [    0.763494] FIQ FSM acceleration enabled for :
Nov 23 00:44:54 raspberrypi kernel: [    0.763494] Non-periodic Split Transactions
Nov 23 00:44:54 raspberrypi kernel: [    0.763494] Periodic Split Transactions
Nov 23 00:44:54 raspberrypi kernel: [    0.763494] High-Speed Isochronous Endpoints
Nov 23 00:44:54 raspberrypi kernel: [    0.763494] Interrupt/Control Split Transaction hack enabled
Nov 23 00:44:54 raspberrypi kernel: [    0.763501] dwc_otg: Microframe scheduler enabled
Nov 23 00:44:54 raspberrypi kernel: [    0.763542] WARN::hcd_init_fiq:459: FIQ on core 1 at 0x8058f7fc
Nov 23 00:44:54 raspberrypi kernel: [    0.763552] WARN::hcd_init_fiq:460: FIQ ASM at 0x8058fb6c length 36
Nov 23 00:44:54 raspberrypi kernel: [    0.763563] WARN::hcd_init_fiq:486: MPHI regs_base at 0xb887a000
Nov 23 00:44:54 raspberrypi kernel: [    0.763619] dwc_otg 3f980000.usb: DWC OTG Controller
Nov 23 00:44:54 raspberrypi kernel: [    0.763654] dwc_otg 3f980000.usb: new USB bus registered, assigned bus number 1
Nov 23 00:44:54 raspberrypi kernel: [    0.763684] dwc_otg 3f980000.usb: irq 62, io mem 0x00000000
Nov 23 00:44:54 raspberrypi kernel: [    0.763731] Init: Port Power? op_state=1
Nov 23 00:44:54 raspberrypi kernel: [    0.763735] Init: Power Port (0)
Nov 23 00:44:54 raspberrypi kernel: [    0.763937] usb usb1: New USB device found, idVendor=1d6b, idProduct=0002
Nov 23 00:44:54 raspberrypi kernel: [    0.763947] usb usb1: New USB device strings: Mfr=3, Product=2, SerialNumber=1
Nov 23 00:44:54 raspberrypi kernel: [    0.763955] usb usb1: Product: DWC OTG Controller
Nov 23 00:44:54 raspberrypi kernel: [    0.763962] usb usb1: Manufacturer: Linux 4.9.41-v7+ dwc_otg_hcd
Nov 23 00:44:54 raspberrypi kernel: [    0.763969] usb usb1: SerialNumber: 3f980000.usb
Nov 23 00:44:54 raspberrypi kernel: [    0.764794] hub 1-0:1.0: USB hub found
Nov 23 00:44:54 raspberrypi kernel: [    0.764838] hub 1-0:1.0: 1 port detected
Nov 23 00:44:54 raspberrypi kernel: [    0.765517] dwc_otg: FIQ enabled
Nov 23 00:44:54 raspberrypi kernel: [    0.765522] dwc_otg: NAK holdoff enabled
Nov 23 00:44:54 raspberrypi kernel: [    0.765526] dwc_otg: FIQ split-transaction FSM enabled
Nov 23 00:44:54 raspberrypi kernel: [    0.765540] Module dwc_common_port init
Nov 23 00:44:54 raspberrypi kernel: [    0.765772] usbcore: registered new interface driver usb-storage
Nov 23 00:44:54 raspberrypi kernel: [    0.765999] mousedev: PS/2 mouse device common for all mice
Nov 23 00:44:54 raspberrypi kernel: [    0.766991] bcm2835-wdt 3f100000.watchdog: Broadcom BCM2835 watchdog timer
Nov 23 00:44:54 raspberrypi kernel: [    0.767262] bcm2835-cpufreq: min=600000 max=1200000
Nov 23 00:44:54 raspberrypi kernel: [    0.767641] sdhci: Secure Digital Host Controller Interface driver
Nov 23 00:44:54 raspberrypi kernel: [    0.767645] sdhci: Copyright(c) Pierre Ossman
Nov 23 00:44:54 raspberrypi kernel: [    0.767920] sdhost-bcm2835 3f202000.sdhost: could not get clk, deferring probe
Nov 23 00:44:54 raspberrypi kernel: [    0.770106] mmc-bcm2835 3f300000.mmc: could not get clk, deferring probe
Nov 23 00:44:54 raspberrypi kernel: [    0.770205] sdhci-pltfm: SDHCI platform and OF driver helper
Nov 23 00:44:54 raspberrypi kernel: [    0.772823] ledtrig-cpu: registered to indicate activity on CPUs
Nov 23 00:44:54 raspberrypi kernel: [    0.773013] hidraw: raw HID events driver (C) Jiri Kosina
Nov 23 00:44:54 raspberrypi kernel: [    0.773190] usbcore: registered new interface driver usbhid
Nov 23 00:44:54 raspberrypi kernel: [    0.773194] usbhid: USB HID core driver
Nov 23 00:44:54 raspberrypi kernel: [    0.773928] vchiq: vchiq_init_state: slot_zero = 0xb7980000, is_master = 0
Nov 23 00:44:54 raspberrypi kernel: [    0.776078] Initializing XFRM netlink socket
Nov 23 00:44:54 raspberrypi kernel: [    0.776100] NET: Registered protocol family 17
Nov 23 00:44:54 raspberrypi kernel: [    0.776217] Key type dns_resolver registered
Nov 23 00:44:54 raspberrypi kernel: [    0.776725] Registering SWP/SWPB emulation handler
Nov 23 00:44:54 raspberrypi kernel: [    0.777410] registered taskstats version 1
Nov 23 00:44:54 raspberrypi kernel: [    0.777749] vc-sm: Videocore shared memory driver
Nov 23 00:44:54 raspberrypi kernel: [    0.777758] [vc_sm_connected_init]: start
Nov 23 00:44:54 raspberrypi kernel: [    0.784967] [vc_sm_connected_init]: end - returning 0
Nov 23 00:44:54 raspberrypi kernel: [    0.790953] 3f201000.serial: ttyAMA0 at MMIO 0x3f201000 (irq = 87, base_baud = 0) is a PL011 rev2
Nov 23 00:44:54 raspberrypi kernel: [    0.792487] sdhost: log_buf @ b7907000 (f7907000)
Nov 23 00:44:54 raspberrypi kernel: [    0.869431] mmc0: sdhost-bcm2835 loaded - DMA enabled (>1)
Nov 23 00:44:54 raspberrypi kernel: [    0.871645] mmc-bcm2835 3f300000.mmc: mmc_debug:0 mmc_debug2:0
Nov 23 00:44:54 raspberrypi kernel: [    0.871653] mmc-bcm2835 3f300000.mmc: DMA channel allocated
Nov 23 00:44:54 raspberrypi kernel: [    0.929545] of_cfs_init
Nov 23 00:44:54 raspberrypi kernel: [    0.929652] of_cfs_init: OK
Nov 23 00:44:54 raspberrypi kernel: [    0.930149] Waiting for root device PARTUUID=6ef05053-02...
Nov 23 00:44:54 raspberrypi kernel: [    0.946532] mmc1: queuing unknown CIS tuple 0x80 (2 bytes)
Nov 23 00:44:54 raspberrypi kernel: [    0.948099] mmc1: queuing unknown CIS tuple 0x80 (3 bytes)
Nov 23 00:44:54 raspberrypi kernel: [    0.949671] mmc1: queuing unknown CIS tuple 0x80 (3 bytes)
Nov 23 00:44:54 raspberrypi kernel: [    0.952452] mmc1: queuing unknown CIS tuple 0x80 (7 bytes)
Nov 23 00:44:54 raspberrypi kernel: [    0.979519] Indeed it is in host mode hprt0 = 00021501
Nov 23 00:44:54 raspberrypi kernel: [    1.046424] random: fast init done
Nov 23 00:44:54 raspberrypi kernel: [    1.051069] mmc0: host does not support reading read-only switch, assuming write-enable
Nov 23 00:44:54 raspberrypi kernel: [    1.053943] mmc0: new high speed SDHC card at address aaaa
Nov 23 00:44:54 raspberrypi kernel: [    1.054569] mmcblk0: mmc0:aaaa SB16G 14.8 GiB
Nov 23 00:44:54 raspberrypi kernel: [    1.057356]  mmcblk0: p1 p2
Nov 23 00:44:54 raspberrypi kernel: [    1.106572] mmc1: new high speed SDIO card at address 0001
Nov 23 00:44:54 raspberrypi kernel: [    1.179447] usb 1-1: new high-speed USB device number 2 using dwc_otg
Nov 23 00:44:54 raspberrypi kernel: [    1.179586] Indeed it is in host mode hprt0 = 00001101
Nov 23 00:44:54 raspberrypi kernel: [    1.183400] EXT4-fs (mmcblk0p2): mounted filesystem with ordered data mode. Opts: (null)
Nov 23 00:44:54 raspberrypi kernel: [    1.183448] VFS: Mounted root (ext4 filesystem) readonly on device 179:2.
Nov 23 00:44:54 raspberrypi kernel: [    1.184149] devtmpfs: mounted
Nov 23 00:44:54 raspberrypi kernel: [    1.241377] Freeing unused kernel memory: 1024K (80b00000 - 80c00000)
Nov 23 00:44:54 raspberrypi kernel: [    1.409740] usb 1-1: New USB device found, idVendor=0424, idProduct=9514
Nov 23 00:44:54 raspberrypi kernel: [    1.409755] usb 1-1: New USB device strings: Mfr=0, Product=0, SerialNumber=0
Nov 23 00:44:54 raspberrypi kernel: [    1.410581] hub 1-1:1.0: USB hub found
Nov 23 00:44:54 raspberrypi kernel: [    1.410675] hub 1-1:1.0: 5 ports detected
Nov 23 00:44:54 raspberrypi kernel: [    1.729467] usb 1-1.1: new high-speed USB device number 3 using dwc_otg
Nov 23 00:44:54 raspberrypi kernel: [    1.751464] NET: Registered protocol family 10
Nov 23 00:44:54 raspberrypi kernel: [    1.765200] ip_tables: (C) 2000-2006 Netfilter Core Team
Nov 23 00:44:54 raspberrypi kernel: [    1.860101] usb 1-1.1: New USB device found, idVendor=0424, idProduct=ec00
Nov 23 00:44:54 raspberrypi kernel: [    1.860124] usb 1-1.1: New USB device strings: Mfr=0, Product=0, SerialNumber=0
Nov 23 00:44:54 raspberrypi kernel: [    1.863404] smsc95xx v1.0.5
Nov 23 00:44:54 raspberrypi kernel: [    1.953287] smsc95xx 1-1.1:1.0 eth0: register 'smsc95xx' at usb-3f980000.usb-1.1, smsc95xx USB 2.0 Ethernet, b8:27:eb:34:b4:29
Nov 23 00:44:54 raspberrypi kernel: [    2.059462] usb 1-1.2: new low-speed USB device number 4 using dwc_otg
Nov 23 00:44:54 raspberrypi kernel: [    2.213842] usb 1-1.2: New USB device found, idVendor=2188, idProduct=0ae1
Nov 23 00:44:54 raspberrypi kernel: [    2.213855] usb 1-1.2: New USB device strings: Mfr=0, Product=1, SerialNumber=0
Nov 23 00:44:54 raspberrypi kernel: [    2.213863] usb 1-1.2: Product: USB OPTICAL MOUSE 
Nov 23 00:44:54 raspberrypi kernel: [    2.219237] input: USB OPTICAL MOUSE  as /devices/platform/soc/3f980000.usb/usb1/1-1/1-1.2/1-1.2:1.0/0003:2188:0AE1.0001/input/input0
Nov 23 00:44:54 raspberrypi kernel: [    2.219728] hid-generic 0003:2188:0AE1.0001: input,hidraw0: USB HID v1.11 Mouse [USB OPTICAL MOUSE ] on usb-3f980000.usb-1.2/input0
Nov 23 00:44:54 raspberrypi kernel: [    2.345967] i2c /dev entries driver
Nov 23 00:44:54 raspberrypi kernel: [    2.759629] EXT4-fs (mmcblk0p2): re-mounted. Opts: (null)
Nov 23 00:44:54 raspberrypi kernel: [    3.278409] gpiomem-bcm2835 3f200000.gpiomem: Initialised: Registers at 0x3f200000
Nov 23 00:44:54 raspberrypi kernel: [    3.530256] usbcore: registered new interface driver brcmfmac
Nov 23 00:44:54 raspberrypi kernel: [    3.641282] brcmfmac: Firmware version = wl0: Aug  7 2017 00:46:29 version 7.45.41.46 (r666254 CY) FWID 01-f8a78378
Nov 23 00:44:54 raspberrypi kernel: [    3.668739] smsc95xx 1-1.1:1.0 enxb827eb34b429: renamed from eth0
Nov 23 00:44:54 raspberrypi dbus[354]: [system] Successfully activated service 'org.freedesktop.systemd1'
Nov 23 00:44:54 raspberrypi systemd[1]: Starting triggerhappy global hotkey daemon...
Nov 23 00:44:54 raspberrypi systemd[1]: Starting LSB: Switch to ondemand cpu governor (unless shift key is pressed)...
Nov 23 00:44:54 raspberrypi systemd[1]: Starting Configure Bluetooth Modems connected by UART...
Nov 23 00:44:54 raspberrypi systemd[1]: Started Daily Cleanup of Temporary Directories.
Nov 23 00:44:54 raspberrypi systemd[1]: Started Regular background program processing daemon.
Nov 23 00:44:54 raspberrypi systemd[1]: Starting Avahi mDNS/DNS-SD Stack...
Nov 23 00:44:54 raspberrypi systemd[1]: Starting dhcpcd on all interfaces...
Nov 23 00:44:54 raspberrypi systemd[1]: Reached target System Time Synchronized.
Nov 23 00:44:54 raspberrypi thd[364]: Found socket passed from systemd
Nov 23 00:44:54 raspberrypi cron[367]: (CRON) INFO (pidfile fd = 3)
Nov 23 00:44:54 raspberrypi systemd[1]: Started System Logging Service.
Nov 23 00:44:54 raspberrypi systemd[1]: Started Check for v3d driver.
Nov 23 00:44:54 raspberrypi systemd[1]: Started Save/Restore Sound Card State.
Nov 23 00:44:54 raspberrypi cron[367]: (CRON) INFO (Running @reboot jobs)
Nov 23 00:44:54 raspberrypi avahi-daemon[369]: Found user 'avahi' (UID 108) and group 'avahi' (GID 112).
Nov 23 00:44:54 raspberrypi avahi-daemon[369]: Successfully dropped root privileges.
Nov 23 00:44:54 raspberrypi avahi-daemon[369]: avahi-daemon 0.6.32 starting up.
Nov 23 00:44:54 raspberrypi kernel: [    4.885575] uart-pl011 3f201000.serial: no DMA platform data
Nov 23 00:44:54 raspberrypi systemd[1]: Started triggerhappy global hotkey daemon.
Nov 23 00:44:54 raspberrypi avahi-daemon[369]: Successfully called chroot().
Nov 23 00:44:54 raspberrypi avahi-daemon[369]: Successfully dropped remaining capabilities.
Nov 23 00:44:54 raspberrypi avahi-daemon[369]: No service file found in /etc/avahi/services.
Nov 23 00:44:54 raspberrypi avahi-daemon[369]: Network interface enumeration completed.
Nov 23 00:44:54 raspberrypi avahi-daemon[369]: Server startup complete. Host name is raspberrypi.local. Local service cookie is 4202172474.
Nov 23 00:44:54 raspberrypi dhcpcd[370]: forked to background, child pid 380
Nov 23 00:44:54 raspberrypi systemd[1]: Started dhcpcd on all interfaces.
Nov 23 00:44:54 raspberrypi systemd[1]: Started Avahi mDNS/DNS-SD Stack.
Nov 23 00:44:54 raspberrypi systemd[1]: Started Login Service.
Nov 23 00:44:54 raspberrypi dhcpcd-run-hooks[397]: wlan0: starting wpa_supplicant
Nov 23 00:44:54 raspberrypi kernel: [    5.233338] IPv6: ADDRCONF(NETDEV_UP): wlan0: link is not ready
Nov 23 00:44:54 raspberrypi kernel: [    5.233449] brcmfmac: power management disabled
Nov 23 00:44:55 raspberrypi systemd[1]: Received SIGRTMIN+20 from PID 213 (plymouthd).
Nov 23 00:44:55 raspberrypi systemd[1]: Started Raise network interfaces.
Nov 23 00:44:55 raspberrypi systemd[1]: Reached target Network.
Nov 23 00:44:55 raspberrypi systemd[1]: Started VNC Server in Service Mode daemon.
Nov 23 00:44:55 raspberrypi systemd[1]: Starting Permit User Sessions...
Nov 23 00:44:55 raspberrypi systemd[1]: Starting OpenBSD Secure Shell server...
Nov 23 00:44:55 raspberrypi systemd[1]: Reached target Network is Online.
Nov 23 00:44:55 raspberrypi kernel: [    5.602926] smsc95xx 1-1.1:1.0 enxb827eb34b429: hardware isn't capable of remote wakeup
Nov 23 00:44:55 raspberrypi kernel: [    5.608005] IPv6: ADDRCONF(NETDEV_UP): enxb827eb34b429: link is not ready
Nov 23 00:44:55 raspberrypi dhcpcd[380]: enxb827eb34b429: waiting for carrier
Nov 23 00:44:55 raspberrypi dhcpcd[380]: wlan0: waiting for carrier
Nov 23 00:44:55 raspberrypi systemd[1]: apt-daily.timer: Adding 5h 32.148518s random time.
Nov 23 00:44:55 raspberrypi dhcpcd[380]: wlan0: carrier acquired
Nov 23 00:44:55 raspberrypi systemd[1]: Started Daily apt download activities.
Nov 23 00:44:55 raspberrypi dhcpcd[380]: wlan0: adding address fe80::757e:7d1c:d0dc:5486
Nov 23 00:44:55 raspberrypi systemd[1]: apt-daily-upgrade.timer: Adding 59min 21.419642s random time.
Nov 23 00:44:55 raspberrypi systemd[1]: Started Daily apt upgrade and clean activities.
Nov 23 00:44:55 raspberrypi systemd[1]: Reached target Timers.
Nov 23 00:44:55 raspberrypi systemd[1]: Starting /etc/rc.local Compatibility...
Nov 23 00:44:55 raspberrypi systemd[1]: Started Permit User Sessions.
Nov 23 00:44:55 raspberrypi dhcpcd[380]: DUID 00:01:00:01:21:26:5f:14:b8:27:eb:61:e1:7c
Nov 23 00:44:55 raspberrypi dhcpcd[380]: wlan0: IAID eb:61:e1:7c
Nov 23 00:44:55 raspberrypi dhcpcd[380]: wlan0: carrier lost
Nov 23 00:44:55 raspberrypi systemd[1]: Starting Daily apt download activities...
Nov 23 00:44:55 raspberrypi systemd[1]: Starting Light Display Manager...
Nov 23 00:44:55 raspberrypi systemd[1]: Started /etc/rc.local Compatibility.
Nov 23 00:44:55 raspberrypi systemd[1]: Starting Hold until boot process finishes up...
Nov 23 00:44:55 raspberrypi systemd[1]: Starting Terminate Plymouth Boot Screen...
Nov 23 00:44:55 raspberrypi dhcpcd[380]: wlan0: deleting address fe80::757e:7d1c:d0dc:5486
Nov 23 00:44:55 raspberrypi systemd[1]: Started OpenBSD Secure Shell server.
Nov 23 00:44:56 raspberrypi vncserver-x11[438]: ServerManager: Server started
Nov 23 00:44:56 raspberrypi lightdm[435]: Error getting user list from org.freedesktop.Accounts: GDBus.Error:org.freedesktop.DBus.Error.ServiceUnknown: The name org.freedesktop.Accounts was not provided by any .service files
Nov 23 00:44:56 raspberrypi vncserver-x11[438]: ConsoleDisplay: Cannot find a running X server on vt1
Nov 23 00:44:56 raspberrypi vncserver-x11[438]: AgentInitCheck: agent comms failure
Nov 23 00:44:56 raspberrypi dhcpcd[380]: enxb827eb34b429: carrier acquired
Nov 23 00:44:56 raspberrypi kernel: [    7.118319] IPv6: ADDRCONF(NETDEV_CHANGE): enxb827eb34b429: link becomes ready
Nov 23 00:44:56 raspberrypi dhcpcd[380]: enxb827eb34b429: adding address fe80::2467:8a76:687b:5dba
Nov 23 00:44:56 raspberrypi kernel: [    7.123321] smsc95xx 1-1.1:1.0 enxb827eb34b429: link up, 100Mbps, full-duplex, lpa 0xCDE1
Nov 23 00:44:56 raspberrypi dhcpcd[380]: enxb827eb34b429: IAID eb:34:b4:29
Nov 23 00:44:56 raspberrypi systemd[1]: Received SIGRTMIN+21 from PID 213 (plymouthd).
Nov 23 00:44:56 raspberrypi dphys-swapfile[348]: Starting dphys-swapfile swapfile setup ...
Nov 23 00:44:56 raspberrypi systemd[1]: Started Hold until boot process finishes up.
Nov 23 00:44:56 raspberrypi systemd[1]: Started Terminate Plymouth Boot Screen.
Nov 23 00:44:56 raspberrypi systemd[1]: Started Getty on tty1.
Nov 23 00:44:56 raspberrypi systemd[1]: Reached target Login Prompts.
Nov 23 00:44:56 raspberrypi lightdm[435]: error: unexpectedly disconnected from boot status daemon
Nov 23 00:44:56 raspberrypi systemd[1]: Started Light Display Manager.
Nov 23 00:44:56 raspberrypi dphys-swapfile[348]: want /var/swap=100MByte, checking existing: keeping it
Nov 23 00:44:56 raspberrypi kernel: [    7.508572] Adding 102396k swap on /var/swap.  Priority:-1 extents:1 across:102396k SSFS
Nov 23 00:44:56 raspberrypi dphys-swapfile[348]: done.
Nov 23 00:44:57 raspberrypi systemd[1]: Started LSB: Autogenerate and use a swap file.
Nov 23 00:44:57 raspberrypi dhcpcd[380]: enxb827eb34b429: soliciting an IPv6 router
Nov 23 00:44:57 raspberrypi vncserver-x11[438]: ConsoleDisplay: Found running X server (pid=496)
Nov 23 00:44:57 raspberrypi dhcpcd[380]: enxb827eb34b429: soliciting a DHCP lease
Nov 23 00:44:57 raspberrypi dhcpcd[380]: enxb827eb34b429: offered 192.168.0.16 from 192.168.0.1
Nov 23 00:44:57 raspberrypi dhcpcd[380]: enxb827eb34b429: probing address 192.168.0.16/24
Nov 23 00:44:57 raspberrypi raspi-config[365]: Checking if shift key is held down: No. Switching to ondemand scaling governor.
Nov 23 00:44:57 raspberrypi systemd[1]: Started LSB: Switch to ondemand cpu governor (unless shift key is pressed).
Nov 23 00:44:58 raspberrypi avahi-daemon[369]: Joining mDNS multicast group on interface enxb827eb34b429.IPv6 with address fe80::2467:8a76:687b:5dba.
Nov 23 00:44:58 raspberrypi avahi-daemon[369]: New relevant interface enxb827eb34b429.IPv6 for mDNS.
Nov 23 00:44:58 raspberrypi avahi-daemon[369]: Registering new address record for fe80::2467:8a76:687b:5dba on enxb827eb34b429.*.
Nov 23 00:44:58 raspberrypi kernel: [    9.379951] Bluetooth: Core ver 2.22
Nov 23 00:44:58 raspberrypi kernel: [    9.380044] NET: Registered protocol family 31
Nov 23 00:44:58 raspberrypi kernel: [    9.380050] Bluetooth: HCI device and connection manager initialized
Nov 23 00:44:58 raspberrypi kernel: [    9.380069] Bluetooth: HCI socket layer initialized
Nov 23 00:44:58 raspberrypi kernel: [    9.380082] Bluetooth: L2CAP socket layer initialized
Nov 23 00:44:58 raspberrypi kernel: [    9.380112] Bluetooth: SCO socket layer initialized
Nov 23 00:44:58 raspberrypi btuart[366]: bcm43xx_init
Nov 23 00:44:58 raspberrypi kernel: [    9.415022] Bluetooth: HCI UART driver ver 2.3
Nov 23 00:44:58 raspberrypi kernel: [    9.415038] Bluetooth: HCI UART protocol H4 registered
Nov 23 00:44:58 raspberrypi kernel: [    9.415043] Bluetooth: HCI UART protocol Three-wire (H5) registered
Nov 23 00:44:58 raspberrypi kernel: [    9.415212] Bluetooth: HCI UART protocol Broadcom registered
Nov 23 00:44:58 raspberrypi btuart[366]: Flash firmware /lib/firmware/BCM43430A1.hcd
Nov 23 00:44:58 raspberrypi btuart[366]: Set Controller UART speed to 921600 bit/s
Nov 23 00:44:58 raspberrypi btuart[366]: Device setup complete
Nov 23 00:44:58 raspberrypi systemd[1]: Starting Load/Save RF Kill Switch Status...
Nov 23 00:44:58 raspberrypi systemd[1]: Started Configure Bluetooth Modems connected by UART.
Nov 23 00:44:58 raspberrypi systemd[1]: Reached target Multi-User System.
Nov 23 00:44:58 raspberrypi systemd[1]: Starting Bluetooth service...
Nov 23 00:44:58 raspberrypi systemd[1]: Started Load/Save RF Kill Switch Status.
Nov 23 00:44:59 raspberrypi bluetoothd[527]: Bluetooth daemon 5.43
Nov 23 00:44:59 raspberrypi systemd[1]: Started Bluetooth service.
Nov 23 00:44:59 raspberrypi systemd[1]: Reached target Bluetooth.
Nov 23 00:44:59 raspberrypi systemd[1]: Started BluezALSA proxy.
Nov 23 00:44:59 raspberrypi systemd[1]: Reached target Graphical Interface.
Nov 23 00:44:59 raspberrypi systemd[1]: Starting Update UTMP about System Runlevel Changes...
Nov 23 00:44:59 raspberrypi bluetoothd[527]: Starting SDP server
Nov 23 00:44:59 raspberrypi systemd[1]: Started Update UTMP about System Runlevel Changes.
Nov 23 00:44:59 raspberrypi kernel: [    9.923166] Bluetooth: BNEP (Ethernet Emulation) ver 1.3
Nov 23 00:44:59 raspberrypi kernel: [    9.923176] Bluetooth: BNEP filters: protocol multicast
Nov 23 00:44:59 raspberrypi kernel: [    9.923195] Bluetooth: BNEP socket layer initialized
Nov 23 00:44:59 raspberrypi bluetoothd[527]: Bluetooth management interface 1.14 initialized
Nov 23 00:44:59 raspberrypi bluetoothd[527]: Failed to obtain handles for "Service Changed" characteristic
Nov 23 00:44:59 raspberrypi dbus[354]: [system] Activating via systemd: service name='org.freedesktop.hostname1' unit='dbus-org.freedesktop.hostname1.service'
Nov 23 00:44:59 raspberrypi bluetoothd[527]: Sap driver initialization failed.
